<html>
<body>
<pre>
<h1>µVision Build Log</h1>
<h2>Tool Versions:</h2>
IDE-Version: µVision V5.38.0.0
Copyright (C) 2022 ARM Ltd and ARM Germany GmbH. All rights reserved.
License Information: 1 1, 1, LIC=----
 
Tool Versions:
Toolchain:       MDK-Lite  Version: 5.38.0.0
Toolchain Path:  C:\Keil_v5\ARM\ARMCLANG\Bin
C Compiler:      ArmClang.exe V6.19
Assembler:       Armasm.exe V6.19
Linker/Locator:  ArmLink.exe V6.19
Library Manager: ArmAr.exe V6.19
Hex Converter:   FromElf.exe V6.19
CPU DLL:         SARMCM3.DLL V5.38.0.0
Dialog DLL:      DCM.DLL V1.17.5.0
Target DLL:      CMSIS_AGDI.dll V1.33.15.0
Dialog DLL:      TCM.DLL V1.56.4.0
 
<h2>Project:</h2>
C:\Users\User\Downloads\standart_artery_32-main\standart_artery_32-main\project_0.uvprojx
Project File Date:  06/27/2023

<h2>Output:</h2>
*** Using Compiler 'V6.19', folder: 'C:\Keil_v5\ARM\ARMCLANG\Bin'
Rebuild target 'Target 1'
compiling at32f421_misc.c...
compiling at32f421_gpio.c...
compiling at32f421_adc.c...
compiling at32f421_tmr.c...
compiling at32f421_crm.c...
assembling startup_at32f421.s...
compiling main.c...
compiling at32f421_ertc.c...
compiling at32f421_wdt.c...
compiling system_at32f421.c...
compiling at32f421_i2c.c...
linking...
Program Size: Code=2636 RO-data=236 RW-data=12 ZI-data=1716  
FromELF: creating hex file...
".\Objects\project_0.axf" - 0 Error(s), 0 Warning(s).

<h2>Software Packages used:</h2>

Package Vendor: ARM
                http://www.keil.com/pack/ARM.CMSIS.5.9.0.pack
                ARM.CMSIS.5.9.0
                CMSIS (Common Microcontroller Software Interface Standard)
   * Component: CORE Version: 5.6.0

Package Vendor: ArteryTek
                
                ArteryTek.AT32F421_DFP.2.1.1
                ArteryTek AT32F421 Series Device Support,Drivers
   * Component: Startup Version: 2.0.0
   * Component: at32f421_conf Version: 2.0.0
   * Component: adc Version: 2.0.0
   * Component: crm Version: 2.0.0
   * Component: ertc Version: 2.0.0
   * Component: gpio Version: 2.0.0
   * Component: i2c Version: 2.0.0
   * Component: misc Version: 2.0.0
   * Component: tmr Version: 2.0.0
   * Component: wdt Version: 2.0.0

<h2>Collection of Component include folders:</h2>
  ./RTE/Device/-AT32F421F8P7
  ./RTE/_Target_1
  C:/Users/User/AppData/Local/Arm/Packs/ARM/CMSIS/5.9.0/CMSIS/Core/Include
  C:/Users/User/AppData/Local/Arm/Packs/ArteryTek/AT32F421_DFP/2.1.1/Device/Firmware/Peripherals/inc
  C:/Users/User/AppData/Local/Arm/Packs/ArteryTek/AT32F421_DFP/2.1.1/Device/Include

<h2>Collection of Component Files used:</h2>

   * Component: ARM::CMSIS:CORE:5.6.0

   * Component: ArteryTek::Device:Startup:2.0.0
      Include file:  Device/Include/at32f421.h
      Source file:   Device/Source/ARM/startup_at32f421.s
      Source file:   Device/Source/system_at32f421.c

   * Component: ArteryTek::Device:at32f421_conf:2.0.0
      Include file:  Device/Include/at32f421_conf.h

   * Component: ArteryTek::Device:at32f421_firmware_library:adc:2.0.0
      Include file:  Device/Firmware/Peripherals/inc/at32f421_adc.h
      Source file:   Device/Firmware/Peripherals/src/at32f421_adc.c

   * Component: ArteryTek::Device:at32f421_firmware_library:crm:2.0.0
      Source file:   Device/Firmware/Peripherals/src/at32f421_crm.c
      Include file:  Device/Firmware/Peripherals/inc/at32f421_crm.h

   * Component: ArteryTek::Device:at32f421_firmware_library:ertc:2.0.0
      Include file:  Device/Firmware/Peripherals/inc/at32f421_ertc.h
      Source file:   Device/Firmware/Peripherals/src/at32f421_ertc.c

   * Component: ArteryTek::Device:at32f421_firmware_library:gpio:2.0.0
      Include file:  Device/Firmware/Peripherals/inc/at32f421_gpio.h
      Source file:   Device/Firmware/Peripherals/src/at32f421_gpio.c

   * Component: ArteryTek::Device:at32f421_firmware_library:i2c:2.0.0
      Include file:  Device/Firmware/Peripherals/inc/at32f421_i2c.h
      Source file:   Device/Firmware/Peripherals/src/at32f421_i2c.c

   * Component: ArteryTek::Device:at32f421_firmware_library:misc:2.0.0
      Source file:   Device/Firmware/Peripherals/src/at32f421_misc.c
      Include file:  Device/Firmware/Peripherals/inc/at32f421_misc.h

   * Component: ArteryTek::Device:at32f421_firmware_library:tmr:2.0.0
      Include file:  Device/Firmware/Peripherals/inc/at32f421_tmr.h
      Source file:   Device/Firmware/Peripherals/src/at32f421_tmr.c

   * Component: ArteryTek::Device:at32f421_firmware_library:wdt:2.0.0
      Include file:  Device/Firmware/Peripherals/inc/at32f421_wdt.h
      Source file:   Device/Firmware/Peripherals/src/at32f421_wdt.c
Build Time Elapsed:  00:00:03
</pre>
</body>
</html>
