Component: Arm Compiler for Embedded 6.19 Tool: armlink [5e73cb00]

==============================================================================

Section Cross References

    main.o(.text.start_tone) refers to main.o(.bss.ff) for ff
    main.o(.ARM.exidx.text.start_tone) refers to main.o(.text.start_tone) for [Anonymous Symbol]
    main.o(.text.stop_tone) refers to main.o(.bss.ff) for ff
    main.o(.ARM.exidx.text.stop_tone) refers to main.o(.text.stop_tone) for [Anonymous Symbol]
    main.o(.text.beep_short) refers to main.o(.bss.beep_short_count) for beep_short_count
    main.o(.text.beep_short) refers to main.o(.bss.ms_tone_delay) for ms_tone_delay
    main.o(.text.beep_short) refers to main.o(.bss.ff) for ff
    main.o(.ARM.exidx.text.beep_short) refers to main.o(.text.beep_short) for [Anonymous Symbol]
    main.o(.text.beep_long) refers to main.o(.bss.beep_long_count) for beep_long_count
    main.o(.text.beep_long) refers to main.o(.bss.ms_tone_delay) for ms_tone_delay
    main.o(.text.beep_long) refers to main.o(.bss.ff) for ff
    main.o(.ARM.exidx.text.beep_long) refers to main.o(.text.beep_long) for [Anonymous Symbol]
    main.o(.text.beep_double) refers to main.o(.bss.ff) for ff
    main.o(.text.beep_double) refers to main.o(.bss.beep_long_count) for beep_long_count
    main.o(.text.beep_double) refers to main.o(.bss.ms_tone_delay) for ms_tone_delay
    main.o(.text.beep_double) refers to main.o(.bss.beep_short_count) for beep_short_count
    main.o(.ARM.exidx.text.beep_double) refers to main.o(.text.beep_double) for [Anonymous Symbol]
    main.o(.text.go_close) refers to main.o(.bss.ff) for ff
    main.o(.text.go_close) refers to main.o(.bss.time_rele_control) for time_rele_control
    main.o(.text.go_close) refers to main.o(.bss.time_rele_power) for time_rele_power
    main.o(.text.go_close) refers to main.o(.bss.time_rele_gap) for time_rele_gap
    main.o(.text.go_close) refers to main.o(.bss.time_rotation) for time_rotation
    main.o(.ARM.exidx.text.go_close) refers to main.o(.text.go_close) for [Anonymous Symbol]
    main.o(.text.go_close_short) refers to main.o(.bss.ff) for ff
    main.o(.text.go_close_short) refers to main.o(.bss.time_rele_control) for time_rele_control
    main.o(.text.go_close_short) refers to main.o(.bss.time_rele_power) for time_rele_power
    main.o(.text.go_close_short) refers to main.o(.bss.time_rele_gap) for time_rele_gap
    main.o(.ARM.exidx.text.go_close_short) refers to main.o(.text.go_close_short) for [Anonymous Symbol]
    main.o(.text.go_open) refers to main.o(.bss.ff) for ff
    main.o(.text.go_open) refers to main.o(.bss.time_rele_power) for time_rele_power
    main.o(.ARM.exidx.text.go_open) refers to main.o(.text.go_open) for [Anonymous Symbol]
    main.o(.text.go_close_alt) refers to main.o(.bss.ff) for ff
    main.o(.ARM.exidx.text.go_close_alt) refers to main.o(.text.go_close_alt) for [Anonymous Symbol]
    main.o(.text.go_open_alt) refers to main.o(.bss.ff) for ff
    main.o(.ARM.exidx.text.go_open_alt) refers to main.o(.text.go_open_alt) for [Anonymous Symbol]
    main.o(.text.rele_off) refers to main.o(.bss.ff) for ff
    main.o(.text.rele_off) refers to main.o(.bss.time_moving_wait) for time_moving_wait
    main.o(.ARM.exidx.text.rele_off) refers to main.o(.text.rele_off) for [Anonymous Symbol]
    main.o(.text.close) refers to main.o(.bss.ff) for ff
    main.o(.text.close) refers to main.o(.bss.time_moving_wait) for time_moving_wait
    main.o(.text.close) refers to main.o(.bss.time_rele_control) for time_rele_control
    main.o(.text.close) refers to main.o(.bss.time_rele_power) for time_rele_power
    main.o(.text.close) refers to main.o(.bss.time_rele_gap) for time_rele_gap
    main.o(.text.close) refers to main.o(.bss.time_rotation) for time_rotation
    main.o(.ARM.exidx.text.close) refers to main.o(.text.close) for [Anonymous Symbol]
    main.o(.text.open) refers to main.o(.bss.ff) for ff
    main.o(.text.open) refers to main.o(.bss.time_moving_wait) for time_moving_wait
    main.o(.text.open) refers to main.o(.bss.time_rele_power) for time_rele_power
    main.o(.ARM.exidx.text.open) refers to main.o(.text.open) for [Anonymous Symbol]
    main.o(.text.rele_tick) refers to main.o(.bss.ff) for ff
    main.o(.text.rele_tick) refers to main.o(.bss.time_rele_power) for time_rele_power
    main.o(.text.rele_tick) refers to main.o(.bss.time_rele_gap) for time_rele_gap
    main.o(.text.rele_tick) refers to main.o(.bss.time_rele_control) for time_rele_control
    main.o(.ARM.exidx.text.rele_tick) refers to main.o(.text.rele_tick) for [Anonymous Symbol]
    main.o(.text.start_alarm) refers to main.o(.bss.ff) for ff
    main.o(.text.start_alarm) refers to main.o(.bss.sec_count) for sec_count
    main.o(.ARM.exidx.text.start_alarm) refers to main.o(.text.start_alarm) for [Anonymous Symbol]
    main.o(.text.clear_alarm) refers to main.o(.bss.ff) for ff
    main.o(.ARM.exidx.text.clear_alarm) refers to main.o(.text.clear_alarm) for [Anonymous Symbol]
[...]
    defsig_pvfn_inner.o(.text) refers to defsig_general.o(.text) for __default_signal_display
    defsig_cppl_inner.o(.text) refers to defsig_general.o(.text) for __default_signal_display
    defsig_segv_inner.o(.text) refers to defsig_general.o(.text) for __default_signal_display
    defsig_other.o(.text) refers to defsig_general.o(.text) for __default_signal_display


==============================================================================

Removing Unused input sections from the image.

    Removing main.o(.text), (0 bytes).
    Removing main.o(.text.start_tone), (30 bytes).
    Removing main.o(.ARM.exidx.text.start_tone), (8 bytes).
    Removing main.o(.text.stop_tone), (28 bytes).
    Removing main.o(.ARM.exidx.text.stop_tone), (8 bytes).
    Removing main.o(.text.beep_short), (68 bytes).
    Removing main.o(.ARM.exidx.text.beep_short), (8 bytes).
    Removing main.o(.text.beep_long), (68 bytes).
    Removing main.o(.ARM.exidx.text.beep_long), (8 bytes).
    Removing main.o(.text.beep_double), (108 bytes).
    Removing main.o(.ARM.exidx.text.beep_double), (8 bytes).
    Removing main.o(.text.go_close), (84 bytes).
    Removing main.o(.ARM.exidx.text.go_close), (8 bytes).
    Removing main.o(.text.go_close_short), (72 bytes).
    Removing main.o(.ARM.exidx.text.go_close_short), (8 bytes).
    Removing main.o(.text.go_open), (48 bytes).
    Removing main.o(.ARM.exidx.text.go_open), (8 bytes).
    Removing main.o(.text.go_close_alt), (38 bytes).
    Removing main.o(.ARM.exidx.text.go_close_alt), (8 bytes).
    Removing main.o(.text.go_open_alt), (32 bytes).
    Removing main.o(.ARM.exidx.text.go_open_alt), (8 bytes).
    Removing main.o(.text.rele_off), (46 bytes).
    Removing main.o(.ARM.exidx.text.rele_off), (8 bytes).
    Removing main.o(.text.close), (158 bytes).
    Removing main.o(.ARM.exidx.text.close), (8 bytes).
    Removing main.o(.text.open), (116 bytes).
    Removing main.o(.ARM.exidx.text.open), (8 bytes).
    Removing main.o(.text.rele_tick), (142 bytes).
    Removing main.o(.ARM.exidx.text.rele_tick), (8 bytes).
    Removing main.o(.text.start_alarm), (48 bytes).
    Removing main.o(.ARM.exidx.text.start_alarm), (8 bytes).
    Removing main.o(.text.clear_alarm), (20 bytes).
    Removing main.o(.ARM.exidx.text.clear_alarm), (8 bytes).
    Removing main.o(.text.fun_work), (330 bytes).
    Removing main.o(.ARM.exidx.text.fun_work), (8 bytes).
    Removing main.o(.text.switch_wm), (96 bytes).
    Removing main.o(.ARM.exidx.text.switch_wm), (8 bytes).
    Removing main.o(.text.autorotation_work), (268 bytes).
    Removing main.o(.ARM.exidx.text.autorotation_work), (8 bytes).
    Removing main.o(.text.minute_tick), (42 bytes).
    Removing main.o(.ARM.exidx.text.minute_tick), (8 bytes).
    Removing main.o(.text.sec_30_work), (44 bytes).
    Removing main.o(.ARM.exidx.text.sec_30_work), (8 bytes).
    Removing main.o(.ARM.exidx.text.sec_work), (8 bytes).
    Removing main.o(.ARM.exidx.text.ms_200_work), (8 bytes).
    Removing main.o(.text.ms_10_work), (74 bytes).
    Removing main.o(.ARM.exidx.text.ms_10_work), (8 bytes).
    Removing main.o(.text.PIN_POWER_MEAS_SetHigh), (10 bytes).
    Removing main.o(.ARM.exidx.text.PIN_POWER_MEAS_SetHigh), (8 bytes).
    Removing main.o(.ARM.exidx.text.ms_tick), (8 bytes).
    Removing main.o(.text.gpio_set), (36 bytes).
    Removing main.o(.ARM.exidx.text.gpio_set), (8 bytes).
    Removing main.o(.text.timer_init), (76 bytes).
    Removing main.o(.ARM.exidx.text.timer_init), (8 bytes).
    Removing main.o(.ARM.exidx.text.hardware_init), (8 bytes).
    Removing main.o(.text.hardware_work), (100 bytes).
    Removing main.o(.ARM.exidx.text.hardware_work), (8 bytes).
    Removing main.o(.text.zummer_switch), (40 bytes).
    Removing main.o(.ARM.exidx.text.zummer_switch), (8 bytes).
    Removing main.o(.text.PIN_POWER_MEAS_SetLow), (10 bytes).
    Removing main.o(.ARM.exidx.text.PIN_POWER_MEAS_SetLow), (8 bytes).
    Removing main.o(.text.ADC_GetConversion), (12 bytes).
    Removing main.o(.ARM.exidx.text.ADC_GetConversion), (8 bytes).
    Removing main.o(.text.get_wsp), (184 bytes).
    Removing main.o(.ARM.exidx.text.get_wsp), (8 bytes).
    Removing main.o(.text.PIN_FUN_STATE_GetValue), (12 bytes).
    Removing main.o(.ARM.exidx.text.PIN_FUN_STATE_GetValue), (8 bytes).
    Removing main.o(.text.get_fun), (156 bytes).
    Removing main.o(.ARM.exidx.text.get_fun), (8 bytes).
    Removing main.o(.text.PIN_JUMP_STATE_GetValue), (10 bytes).
    Removing main.o(.ARM.exidx.text.PIN_JUMP_STATE_GetValue), (8 bytes).
    Removing main.o(.text.get_jump), (114 bytes).
    Removing main.o(.ARM.exidx.text.get_jump), (8 bytes).
    Removing main.o(.ARM.exidx.text.TMR6_GLOBAL_IRQHandler), (8 bytes).
    Removing main.o(.ARM.exidx.text.ADC1_CMP_IRQHandler), (8 bytes).
    Removing main.o(.text.PIN_RELE_POWER_SetLow), (10 bytes).
    Removing main.o(.ARM.exidx.text.PIN_RELE_POWER_SetLow), (8 bytes).
    Removing main.o(.text.PIN_RELE_CONTROL_SetLow), (10 bytes).
    Removing main.o(.ARM.exidx.text.PIN_RELE_CONTROL_SetLow), (8 bytes).
    Removing main.o(.text.PIN_ALARM_STATE_SetLow), (10 bytes).
    Removing main.o(.ARM.exidx.text.PIN_ALARM_STATE_SetLow), (8 bytes).
    Removing main.o(.text.PIN_ZUMMER_SetLow), (14 bytes).
    Removing main.o(.ARM.exidx.text.PIN_ZUMMER_SetLow), (8 bytes).
    Removing main.o(.text.PIN_LED_SetLow), (14 bytes).
    Removing main.o(.ARM.exidx.text.PIN_LED_SetLow), (8 bytes).
    Removing main.o(.text.start_setup), (144 bytes).
    Removing main.o(.ARM.exidx.text.start_setup), (8 bytes).
    Removing main.o(.text.printNumber), (58 bytes).
    Removing main.o(.ARM.exidx.text.printNumber), (8 bytes).
    Removing main.o(.text.i2cInit), (2 bytes).
    Removing main.o(.ARM.exidx.text.i2cInit), (8 bytes).
    Removing main.o(.ARM.exidx.text.i2cSetData), (8 bytes).
    Removing main.o(.text.i2cGetData), (2 bytes).
    Removing main.o(.ARM.exidx.text.i2cGetData), (8 bytes).
    Removing main.o(.ARM.exidx.text.main), (8 bytes).
    Removing main.o(.rodata.SHORT_ZUMMER_DELAY), (1 bytes).
    Removing main.o(.rodata.LONG_ZUMMER_DELAY), (1 bytes).
    Removing main.o(.rodata.FRIMWARE_VERSION_EEPROM_ADR), (1 bytes).
    Removing main.o(.rodata.AUTOROTATION_DAYS), (4 bytes).
    Removing main.o(.rodata.MOVING_WAIT_DELAY), (1 bytes).
    Removing main.o(.rodata.LOW_WATER_RESISTANSE), (4 bytes).
    Removing main.o(.rodata.HIGH_WATER_RESISTANSE), (4 bytes).
    Removing main.o(.rodata.UP_RESISTANSE), (4 bytes).
    Removing main.o(.rodata.WSP_MEAS_COUNT), (1 bytes).
    Removing main.o(.rodata.FUN_MEAS_COUNT), (1 bytes).
    Removing main.o(.rodata.JUMP_MEAS_COUNT), (1 bytes).
    Removing main.o(.rodata.RELE_POWER_WORK_DELAY), (1 bytes).
    Removing main.o(.rodata.RELE_POWER_AUTOROTATION_DELAY), (1 bytes).
    Removing main.o(.rodata.RELE_GAP), (1 bytes).
    Removing main.o(.rodata.MELODY_REPEAT_DELAY), (1 bytes).
    Removing main.o(.rodata.AUTOROTATION_DELAY), (4 bytes).
    Removing main.o(.bss.BAD_WSP_VOLTAGE), (2 bytes).
    Removing main.o(.bss.GOOD_WSP_VOLTAGE), (2 bytes).
    Removing main.o(.bss.get_wsp.bad_measures_counter), (1 bytes).
    Removing main.o(.bss.get_fun.fun_counter), (1 bytes).
    Removing main.o(.bss.get_jump.jump_counter), (1 bytes).
    Removing main.o(.bss.tone_gap_millis), (8 bytes).
    Removing main.o(.bss.beep_double_count), (1 bytes).
    Removing main.o(.ARM.use_no_argv), (4 bytes).
    Removing at32f421_adc.o(.text), (0 bytes).
    Removing at32f421_adc.o(.text.adc_reset), (42 bytes).
    Removing at32f421_adc.o(.ARM.exidx.text.adc_reset), (8 bytes).
    Removing at32f421_adc.o(.text.adc_enable), (10 bytes).
    Removing at32f421_adc.o(.ARM.exidx.text.adc_enable), (8 bytes).
    Removing at32f421_adc.o(.text.adc_base_default_para_init), (8 bytes).
    Removing at32f421_adc.o(.ARM.exidx.text.adc_base_default_para_init), (8 bytes).
    Removing at32f421_adc.o(.text.adc_base_config), (68 bytes).
    Removing at32f421_adc.o(.ARM.exidx.text.adc_base_config), (8 bytes).
    Removing at32f421_adc.o(.text.adc_dma_mode_enable), (18 bytes).
    Removing at32f421_adc.o(.ARM.exidx.text.adc_dma_mode_enable), (8 bytes).
    Removing at32f421_adc.o(.text.adc_interrupt_enable), (26 bytes).
    Removing at32f421_adc.o(.ARM.exidx.text.adc_interrupt_enable), (8 bytes).
    Removing at32f421_adc.o(.text.adc_calibration_init), (10 bytes).
    Removing at32f421_adc.o(.ARM.exidx.text.adc_calibration_init), (8 bytes).
    Removing at32f421_adc.o(.text.adc_calibration_init_status_get), (8 bytes).
    Removing at32f421_adc.o(.ARM.exidx.text.adc_calibration_init_status_get), (8 bytes).
    Removing at32f421_adc.o(.text.adc_calibration_start), (10 bytes).
    Removing at32f421_adc.o(.ARM.exidx.text.adc_calibration_start), (8 bytes).
    Removing at32f421_adc.o(.text.adc_calibration_status_get), (8 bytes).
    Removing at32f421_adc.o(.ARM.exidx.text.adc_calibration_status_get), (8 bytes).
    Removing at32f421_adc.o(.text.adc_voltage_monitor_enable), (32 bytes).
    Removing at32f421_adc.o(.ARM.exidx.text.adc_voltage_monitor_enable), (8 bytes).
    Removing at32f421_adc.o(.text.adc_voltage_monitor_threshold_value_set), (18 bytes).
    Removing at32f421_adc.o(.ARM.exidx.text.adc_voltage_monitor_threshold_value_set), (8 bytes).
    Removing at32f421_adc.o(.text.adc_voltage_monitor_single_channel_select), (10 bytes).
    Removing at32f421_adc.o(.ARM.exidx.text.adc_voltage_monitor_single_channel_select), (8 bytes).
    Removing at32f421_adc.o(.text.adc_ordinary_channel_set), (552 bytes).
    Removing at32f421_adc.o(.ARM.exidx.text.adc_ordinary_channel_set), (8 bytes).
    Removing at32f421_adc.o(.text.adc_preempt_channel_length_set), (20 bytes).
    Removing at32f421_adc.o(.ARM.exidx.text.adc_preempt_channel_length_set), (8 bytes).
    Removing at32f421_adc.o(.text.adc_preempt_channel_set), (436 bytes).
    Removing at32f421_adc.o(.ARM.exidx.text.adc_preempt_channel_set), (8 bytes).
    Removing at32f421_adc.o(.ARM.exidx.text.adc_ordinary_conversion_trigger_set), (8 bytes).
    Removing at32f421_adc.o(.text.adc_preempt_conversion_trigger_set), (42 bytes).
    Removing at32f421_adc.o(.ARM.exidx.text.adc_preempt_conversion_trigger_set), (8 bytes).
    Removing at32f421_adc.o(.text.adc_preempt_offset_value_set), (38 bytes).
    Removing at32f421_adc.o(.ARM.exidx.text.adc_preempt_offset_value_set), (8 bytes).
    Removing at32f421_adc.o(.text.adc_ordinary_part_count_set), (20 bytes).
    Removing at32f421_adc.o(.ARM.exidx.text.adc_ordinary_part_count_set), (8 bytes).
    Removing at32f421_adc.o(.text.adc_ordinary_part_mode_enable), (18 bytes).
    Removing at32f421_adc.o(.ARM.exidx.text.adc_ordinary_part_mode_enable), (8 bytes).
    Removing at32f421_adc.o(.text.adc_preempt_part_mode_enable), (18 bytes).
    Removing at32f421_adc.o(.ARM.exidx.text.adc_preempt_part_mode_enable), (8 bytes).
    Removing at32f421_adc.o(.text.adc_preempt_auto_mode_enable), (18 bytes).
    Removing at32f421_adc.o(.ARM.exidx.text.adc_preempt_auto_mode_enable), (8 bytes).
    Removing at32f421_adc.o(.text.adc_tempersensor_vintrv_enable), (26 bytes).
    Removing at32f421_adc.o(.ARM.exidx.text.adc_tempersensor_vintrv_enable), (8 bytes).
    Removing at32f421_adc.o(.text.adc_ordinary_software_trigger_enable), (18 bytes).
    Removing at32f421_adc.o(.ARM.exidx.text.adc_ordinary_software_trigger_enable), (8 bytes).
    Removing at32f421_adc.o(.text.adc_ordinary_software_trigger_status_get), (8 bytes).
    Removing at32f421_adc.o(.ARM.exidx.text.adc_ordinary_software_trigger_status_get), (8 bytes).
    Removing at32f421_adc.o(.text.adc_preempt_software_trigger_enable), (18 bytes).
    Removing at32f421_adc.o(.ARM.exidx.text.adc_preempt_software_trigger_enable), (8 bytes).
    Removing at32f421_adc.o(.text.adc_preempt_software_trigger_status_get), (8 bytes).
    Removing at32f421_adc.o(.ARM.exidx.text.adc_preempt_software_trigger_status_get), (8 bytes).
    Removing at32f421_adc.o(.ARM.exidx.text.adc_ordinary_conversion_data_get), (8 bytes).
    Removing at32f421_adc.o(.text.adc_preempt_conversion_data_get), (38 bytes).
    Removing at32f421_adc.o(.ARM.exidx.text.adc_preempt_conversion_data_get), (8 bytes).
    Removing at32f421_adc.o(.text.adc_flag_get), (10 bytes).
    Removing at32f421_adc.o(.ARM.exidx.text.adc_flag_get), (8 bytes).
    Removing at32f421_adc.o(.text.adc_flag_clear), (6 bytes).
    Removing at32f421_adc.o(.ARM.exidx.text.adc_flag_clear), (8 bytes).
    Removing at32f421_crm.o(.text), (0 bytes).
    Removing at32f421_crm.o(.text.crm_reset), (78 bytes).
    Removing at32f421_crm.o(.ARM.exidx.text.crm_reset), (8 bytes).
    Removing at32f421_crm.o(.text.crm_lext_bypass), (26 bytes).
    Removing at32f421_crm.o(.ARM.exidx.text.crm_lext_bypass), (8 bytes).
    Removing at32f421_crm.o(.text.crm_hext_bypass), (26 bytes).
    Removing at32f421_crm.o(.ARM.exidx.text.crm_hext_bypass), (8 bytes).
    Removing at32f421_crm.o(.text.crm_flag_get), (26 bytes).
    Removing at32f421_crm.o(.ARM.exidx.text.crm_flag_get), (8 bytes).
    Removing at32f421_crm.o(.text.crm_hext_stable_wait), (36 bytes).
    Removing at32f421_crm.o(.ARM.exidx.text.crm_hext_stable_wait), (8 bytes).
    Removing at32f421_crm.o(.text.crm_hick_clock_trimming_set), (26 bytes).
    Removing at32f421_crm.o(.ARM.exidx.text.crm_hick_clock_trimming_set), (8 bytes).
    Removing at32f421_crm.o(.text.crm_hick_clock_calibration_set), (44 bytes).
    Removing at32f421_crm.o(.ARM.exidx.text.crm_hick_clock_calibration_set), (8 bytes).
    Removing at32f421_crm.o(.ARM.exidx.text.crm_periph_clock_enable), (8 bytes).
    Removing at32f421_crm.o(.text.crm_periph_reset), (40 bytes).
    Removing at32f421_crm.o(.ARM.exidx.text.crm_periph_reset), (8 bytes).
    Removing at32f421_crm.o(.text.crm_periph_sleep_mode_clock_enable), (40 bytes).
    Removing at32f421_crm.o(.ARM.exidx.text.crm_periph_sleep_mode_clock_enable), (8 bytes).
    Removing at32f421_crm.o(.ARM.exidx.text.crm_clock_source_enable), (8 bytes).
    Removing at32f421_crm.o(.text.crm_flag_clear), (124 bytes).
    Removing at32f421_crm.o(.ARM.exidx.text.crm_flag_clear), (8 bytes).
    Removing at32f421_crm.o(.text.crm_ertc_clock_select), (26 bytes).
    Removing at32f421_crm.o(.ARM.exidx.text.crm_ertc_clock_select), (8 bytes).
    Removing at32f421_crm.o(.text.crm_ertc_clock_enable), (26 bytes).
    Removing at32f421_crm.o(.ARM.exidx.text.crm_ertc_clock_enable), (8 bytes).
    Removing at32f421_crm.o(.ARM.exidx.text.crm_ahb_div_set), (8 bytes).
    Removing at32f421_crm.o(.text.crm_apb1_div_set), (26 bytes).
    Removing at32f421_crm.o(.ARM.exidx.text.crm_apb1_div_set), (8 bytes).
    Removing at32f421_crm.o(.text.crm_apb2_div_set), (26 bytes).
    Removing at32f421_crm.o(.ARM.exidx.text.crm_apb2_div_set), (8 bytes).
    Removing at32f421_crm.o(.text.crm_adc_clock_div_set), (28 bytes).
    Removing at32f421_crm.o(.ARM.exidx.text.crm_adc_clock_div_set), (8 bytes).
    Removing at32f421_crm.o(.text.crm_clock_failure_detection_enable), (26 bytes).
    Removing at32f421_crm.o(.ARM.exidx.text.crm_clock_failure_detection_enable), (8 bytes).
    Removing at32f421_crm.o(.text.crm_battery_powered_domain_reset), (26 bytes).
    Removing at32f421_crm.o(.ARM.exidx.text.crm_battery_powered_domain_reset), (8 bytes).
    Removing at32f421_crm.o(.text.crm_pll_config), (92 bytes).
    Removing at32f421_crm.o(.ARM.exidx.text.crm_pll_config), (8 bytes).
    Removing at32f421_crm.o(.text.crm_pll_config2), (132 bytes).
    Removing at32f421_crm.o(.ARM.exidx.text.crm_pll_config2), (8 bytes).
    Removing at32f421_crm.o(.text.crm_sysclk_switch), (18 bytes).
    Removing at32f421_crm.o(.ARM.exidx.text.crm_sysclk_switch), (8 bytes).
    Removing at32f421_crm.o(.text.crm_sysclk_switch_status_get), (16 bytes).
    Removing at32f421_crm.o(.ARM.exidx.text.crm_sysclk_switch_status_get), (8 bytes).
    Removing at32f421_crm.o(.text.crm_clocks_freq_get), (288 bytes).
    Removing at32f421_crm.o(.ARM.exidx.text.crm_clocks_freq_get), (8 bytes).
    Removing at32f421_crm.o(.text.crm_clock_out_set), (28 bytes).
    Removing at32f421_crm.o(.ARM.exidx.text.crm_clock_out_set), (8 bytes).
    Removing at32f421_crm.o(.text.crm_interrupt_enable), (24 bytes).
    Removing at32f421_crm.o(.ARM.exidx.text.crm_interrupt_enable), (8 bytes).
    Removing at32f421_crm.o(.text.crm_auto_step_mode_enable), (24 bytes).
    Removing at32f421_crm.o(.ARM.exidx.text.crm_auto_step_mode_enable), (8 bytes).
    Removing at32f421_crm.o(.ARM.exidx.text.crm_hick_divider_select), (8 bytes).
    Removing at32f421_crm.o(.ARM.exidx.text.crm_hick_sclk_frequency_select), (8 bytes).
    Removing at32f421_crm.o(.text.crm_clkout_div_set), (22 bytes).
    Removing at32f421_crm.o(.ARM.exidx.text.crm_clkout_div_set), (8 bytes).
    Removing at32f421_crm.o(.rodata.cst8), (8 bytes).
    Removing at32f421_ertc.o(.text), (0 bytes).
    Removing at32f421_ertc.o(.text.ertc_num_to_bcd), (22 bytes).
    Removing at32f421_ertc.o(.ARM.exidx.text.ertc_num_to_bcd), (8 bytes).
    Removing at32f421_ertc.o(.text.ertc_bcd_to_num), (18 bytes).
    Removing at32f421_ertc.o(.ARM.exidx.text.ertc_bcd_to_num), (8 bytes).
    Removing at32f421_ertc.o(.text.ertc_write_protect_enable), (14 bytes).
    Removing at32f421_ertc.o(.ARM.exidx.text.ertc_write_protect_enable), (8 bytes).
    Removing at32f421_ertc.o(.text.ertc_write_protect_disable), (18 bytes).
    Removing at32f421_ertc.o(.ARM.exidx.text.ertc_write_protect_disable), (8 bytes).
    Removing at32f421_ertc.o(.text.ertc_wait_update), (56 bytes).
    Removing at32f421_ertc.o(.ARM.exidx.text.ertc_wait_update), (8 bytes).
    Removing at32f421_ertc.o(.text.ertc_wait_flag), (66 bytes).
    Removing at32f421_ertc.o(.ARM.exidx.text.ertc_wait_flag), (8 bytes).
    Removing at32f421_ertc.o(.text.ertc_flag_get), (18 bytes).
    Removing at32f421_ertc.o(.ARM.exidx.text.ertc_flag_get), (8 bytes).
    Removing at32f421_ertc.o(.text.ertc_init_mode_enter), (64 bytes).
    Removing at32f421_ertc.o(.ARM.exidx.text.ertc_init_mode_enter), (8 bytes).
    Removing at32f421_ertc.o(.text.ertc_init_mode_exit), (16 bytes).
    Removing at32f421_ertc.o(.ARM.exidx.text.ertc_init_mode_exit), (8 bytes).
    Removing at32f421_ertc.o(.text.ertc_reset), (142 bytes).
    Removing at32f421_ertc.o(.ARM.exidx.text.ertc_reset), (8 bytes).
    Removing at32f421_ertc.o(.text.ertc_divider_set), (114 bytes).
    Removing at32f421_ertc.o(.ARM.exidx.text.ertc_divider_set), (8 bytes).
    Removing at32f421_ertc.o(.text.ertc_hour_mode_set), (88 bytes).
    Removing at32f421_ertc.o(.ARM.exidx.text.ertc_hour_mode_set), (8 bytes).
    Removing at32f421_ertc.o(.text.ertc_date_set), (288 bytes).
    Removing at32f421_ertc.o(.ARM.exidx.text.ertc_date_set), (8 bytes).
    Removing at32f421_ertc.o(.text.ertc_time_set), (288 bytes).
    Removing at32f421_ertc.o(.ARM.exidx.text.ertc_time_set), (8 bytes).
    Removing at32f421_ertc.o(.text.ertc_calendar_get), (156 bytes).
    Removing at32f421_ertc.o(.ARM.exidx.text.ertc_calendar_get), (8 bytes).
    Removing at32f421_ertc.o(.text.ertc_sub_second_get), (14 bytes).
    Removing at32f421_ertc.o(.ARM.exidx.text.ertc_sub_second_get), (8 bytes).
    Removing at32f421_ertc.o(.text.ertc_alarm_mask_set), (38 bytes).
    Removing at32f421_ertc.o(.ARM.exidx.text.ertc_alarm_mask_set), (8 bytes).
    Removing at32f421_ertc.o(.text.ertc_alarm_week_date_select), (44 bytes).
    Removing at32f421_ertc.o(.ARM.exidx.text.ertc_alarm_week_date_select), (8 bytes).
    Removing at32f421_ertc.o(.text.ertc_alarm_set), (212 bytes).
    Removing at32f421_ertc.o(.ARM.exidx.text.ertc_alarm_set), (8 bytes).
    Removing at32f421_ertc.o(.text.ertc_alarm_sub_second_set), (62 bytes).
    Removing at32f421_ertc.o(.ARM.exidx.text.ertc_alarm_sub_second_set), (8 bytes).
    Removing at32f421_ertc.o(.text.ertc_alarm_enable), (80 bytes).
    Removing at32f421_ertc.o(.ARM.exidx.text.ertc_alarm_enable), (8 bytes).
    Removing at32f421_ertc.o(.text.ertc_alarm_get), (148 bytes).
    Removing at32f421_ertc.o(.ARM.exidx.text.ertc_alarm_get), (8 bytes).
    Removing at32f421_ertc.o(.text.ertc_alarm_sub_second_get), (16 bytes).
    Removing at32f421_ertc.o(.ARM.exidx.text.ertc_alarm_sub_second_get), (8 bytes).
    Removing at32f421_ertc.o(.text.ertc_smooth_calibration_config), (124 bytes).
    Removing at32f421_ertc.o(.ARM.exidx.text.ertc_smooth_calibration_config), (8 bytes).
    Removing at32f421_ertc.o(.text.ertc_cal_output_select), (42 bytes).
    Removing at32f421_ertc.o(.ARM.exidx.text.ertc_cal_output_select), (8 bytes).
    Removing at32f421_ertc.o(.text.ertc_cal_output_enable), (42 bytes).
    Removing at32f421_ertc.o(.ARM.exidx.text.ertc_cal_output_enable), (8 bytes).
    Removing at32f421_ertc.o(.text.ertc_time_adjust), (154 bytes).
    Removing at32f421_ertc.o(.ARM.exidx.text.ertc_time_adjust), (8 bytes).
    Removing at32f421_ertc.o(.text.ertc_daylight_set), (60 bytes).
    Removing at32f421_ertc.o(.ARM.exidx.text.ertc_daylight_set), (8 bytes).
    Removing at32f421_ertc.o(.text.ertc_daylight_bpr_get), (16 bytes).
    Removing at32f421_ertc.o(.ARM.exidx.text.ertc_daylight_bpr_get), (8 bytes).
    Removing at32f421_ertc.o(.text.ertc_refer_clock_detect_enable), (88 bytes).
    Removing at32f421_ertc.o(.ARM.exidx.text.ertc_refer_clock_detect_enable), (8 bytes).
    Removing at32f421_ertc.o(.text.ertc_direct_read_enable), (42 bytes).
    Removing at32f421_ertc.o(.ARM.exidx.text.ertc_direct_read_enable), (8 bytes).
    Removing at32f421_ertc.o(.text.ertc_output_set), (88 bytes).
    Removing at32f421_ertc.o(.ARM.exidx.text.ertc_output_set), (8 bytes).
    Removing at32f421_ertc.o(.text.ertc_timestamp_valid_edge_set), (42 bytes).
    Removing at32f421_ertc.o(.ARM.exidx.text.ertc_timestamp_valid_edge_set), (8 bytes).
    Removing at32f421_ertc.o(.text.ertc_timestamp_enable), (42 bytes).
    Removing at32f421_ertc.o(.ARM.exidx.text.ertc_timestamp_enable), (8 bytes).
    Removing at32f421_ertc.o(.text.ertc_timestamp_get), (138 bytes).
    Removing at32f421_ertc.o(.ARM.exidx.text.ertc_timestamp_get), (8 bytes).
    Removing at32f421_ertc.o(.text.ertc_timestamp_sub_second_get), (14 bytes).
    Removing at32f421_ertc.o(.ARM.exidx.text.ertc_timestamp_sub_second_get), (8 bytes).
    Removing at32f421_ertc.o(.text.ertc_tamper_pull_up_enable), (40 bytes).
    Removing at32f421_ertc.o(.ARM.exidx.text.ertc_tamper_pull_up_enable), (8 bytes).
    Removing at32f421_ertc.o(.text.ertc_tamper_precharge_set), (38 bytes).
    Removing at32f421_ertc.o(.ARM.exidx.text.ertc_tamper_precharge_set), (8 bytes).
    Removing at32f421_ertc.o(.text.ertc_tamper_filter_set), (38 bytes).
    Removing at32f421_ertc.o(.ARM.exidx.text.ertc_tamper_filter_set), (8 bytes).
    Removing at32f421_ertc.o(.text.ertc_tamper_detect_freq_set), (38 bytes).
    Removing at32f421_ertc.o(.ARM.exidx.text.ertc_tamper_detect_freq_set), (8 bytes).
    Removing at32f421_ertc.o(.text.ertc_tamper_valid_edge_set), (40 bytes).
    Removing at32f421_ertc.o(.ARM.exidx.text.ertc_tamper_valid_edge_set), (8 bytes).
    Removing at32f421_ertc.o(.text.ertc_tamper_timestamp_enable), (38 bytes).
    Removing at32f421_ertc.o(.ARM.exidx.text.ertc_tamper_timestamp_enable), (8 bytes).
    Removing at32f421_ertc.o(.text.ertc_tamper_enable), (32 bytes).
    Removing at32f421_ertc.o(.ARM.exidx.text.ertc_tamper_enable), (8 bytes).
    Removing at32f421_ertc.o(.text.ertc_interrupt_enable), (62 bytes).
    Removing at32f421_ertc.o(.ARM.exidx.text.ertc_interrupt_enable), (8 bytes).
    Removing at32f421_ertc.o(.text.ertc_interrupt_get), (30 bytes).
    Removing at32f421_ertc.o(.ARM.exidx.text.ertc_interrupt_get), (8 bytes).
    Removing at32f421_ertc.o(.text.ertc_flag_clear), (26 bytes).
    Removing at32f421_ertc.o(.ARM.exidx.text.ertc_flag_clear), (8 bytes).
    Removing at32f421_ertc.o(.text.ertc_bpr_data_write), (28 bytes).
    Removing at32f421_ertc.o(.ARM.exidx.text.ertc_bpr_data_write), (8 bytes).
    Removing at32f421_ertc.o(.text.ertc_bpr_data_read), (28 bytes).
    Removing at32f421_ertc.o(.ARM.exidx.text.ertc_bpr_data_read), (8 bytes).
    Removing at32f421_gpio.o(.text), (0 bytes).
    Removing at32f421_gpio.o(.text.gpio_reset), (62 bytes).
    Removing at32f421_gpio.o(.ARM.exidx.text.gpio_reset), (8 bytes).
    Removing at32f421_gpio.o(.ARM.exidx.text.gpio_init), (8 bytes).
    Removing at32f421_gpio.o(.text.gpio_default_para_init), (14 bytes).
    Removing at32f421_gpio.o(.ARM.exidx.text.gpio_default_para_init), (8 bytes).
    Removing at32f421_gpio.o(.ARM.exidx.text.gpio_input_data_bit_read), (8 bytes).
    Removing at32f421_gpio.o(.text.gpio_input_data_read), (6 bytes).
    Removing at32f421_gpio.o(.ARM.exidx.text.gpio_input_data_read), (8 bytes).
    Removing at32f421_gpio.o(.text.gpio_output_data_bit_read), (10 bytes).
    Removing at32f421_gpio.o(.ARM.exidx.text.gpio_output_data_bit_read), (8 bytes).
    Removing at32f421_gpio.o(.text.gpio_output_data_read), (6 bytes).
    Removing at32f421_gpio.o(.ARM.exidx.text.gpio_output_data_read), (8 bytes).
    Removing at32f421_gpio.o(.ARM.exidx.text.gpio_bits_set), (8 bytes).
    Removing at32f421_gpio.o(.ARM.exidx.text.gpio_bits_reset), (8 bytes).
    Removing at32f421_gpio.o(.ARM.exidx.text.gpio_bits_write), (8 bytes).
    Removing at32f421_gpio.o(.text.gpio_port_write), (4 bytes).
    Removing at32f421_gpio.o(.ARM.exidx.text.gpio_port_write), (8 bytes).
    Removing at32f421_gpio.o(.text.gpio_pin_wp_config), (16 bytes).
    Removing at32f421_gpio.o(.ARM.exidx.text.gpio_pin_wp_config), (8 bytes).
    Removing at32f421_gpio.o(.text.gpio_pins_huge_driven_config), (16 bytes).
    Removing at32f421_gpio.o(.ARM.exidx.text.gpio_pins_huge_driven_config), (8 bytes).
    Removing at32f421_gpio.o(.text.gpio_pin_mux_config), (44 bytes).
    Removing at32f421_gpio.o(.ARM.exidx.text.gpio_pin_mux_config), (8 bytes).
    Removing at32f421_gpio.o(.rodata..Lswitch.table.gpio_reset.1), (24 bytes).
    Removing at32f421_misc.o(.text), (0 bytes).
    Removing at32f421_misc.o(.text.nvic_system_reset), (4 bytes).
    Removing at32f421_misc.o(.ARM.exidx.text.nvic_system_reset), (8 bytes).
    Removing at32f421_misc.o(.text.__NVIC_SystemReset), (36 bytes).
    Removing at32f421_misc.o(.ARM.exidx.text.__NVIC_SystemReset), (8 bytes).
    Removing at32f421_misc.o(.text.nvic_irq_enable), (116 bytes).
    Removing at32f421_misc.o(.ARM.exidx.text.nvic_irq_enable), (8 bytes).
    Removing at32f421_misc.o(.text.nvic_irq_disable), (40 bytes).
    Removing at32f421_misc.o(.ARM.exidx.text.nvic_irq_disable), (8 bytes).
    Removing at32f421_misc.o(.text.nvic_priority_group_config), (32 bytes).
    Removing at32f421_misc.o(.ARM.exidx.text.nvic_priority_group_config), (8 bytes).
    Removing at32f421_misc.o(.text.nvic_vector_table_set), (24 bytes).
    Removing at32f421_misc.o(.ARM.exidx.text.nvic_vector_table_set), (8 bytes).
    Removing at32f421_misc.o(.text.nvic_lowpower_mode_config), (24 bytes).
    Removing at32f421_misc.o(.ARM.exidx.text.nvic_lowpower_mode_config), (8 bytes).
    Removing at32f421_misc.o(.text.systick_clock_source_config), (24 bytes).
    Removing at32f421_misc.o(.ARM.exidx.text.systick_clock_source_config), (8 bytes).
    Removing at32f421_tmr.o(.text), (0 bytes).
    Removing at32f421_tmr.o(.text.tmr_reset), (178 bytes).
    Removing at32f421_tmr.o(.ARM.exidx.text.tmr_reset), (8 bytes).
    Removing at32f421_tmr.o(.text.tmr_counter_enable), (10 bytes).
    Removing at32f421_tmr.o(.ARM.exidx.text.tmr_counter_enable), (8 bytes).
    Removing at32f421_tmr.o(.text.tmr_output_default_para_init), (10 bytes).
    Removing at32f421_tmr.o(.ARM.exidx.text.tmr_output_default_para_init), (8 bytes).
    Removing at32f421_tmr.o(.text.tmr_input_default_para_init), (8 bytes).
    Removing at32f421_tmr.o(.ARM.exidx.text.tmr_input_default_para_init), (8 bytes).
    Removing at32f421_tmr.o(.text.tmr_brkdt_default_para_init), (10 bytes).
    Removing at32f421_tmr.o(.ARM.exidx.text.tmr_brkdt_default_para_init), (8 bytes).
    Removing at32f421_tmr.o(.text.tmr_base_init), (14 bytes).
    Removing at32f421_tmr.o(.ARM.exidx.text.tmr_base_init), (8 bytes).
    Removing at32f421_tmr.o(.text.tmr_clock_source_div_set), (18 bytes).
    Removing at32f421_tmr.o(.ARM.exidx.text.tmr_clock_source_div_set), (8 bytes).
    Removing at32f421_tmr.o(.text.tmr_cnt_dir_set), (18 bytes).
    Removing at32f421_tmr.o(.ARM.exidx.text.tmr_cnt_dir_set), (8 bytes).
    Removing at32f421_tmr.o(.text.tmr_repetition_counter_set), (12 bytes).
    Removing at32f421_tmr.o(.ARM.exidx.text.tmr_repetition_counter_set), (8 bytes).
    Removing at32f421_tmr.o(.text.tmr_counter_value_set), (4 bytes).
    Removing at32f421_tmr.o(.ARM.exidx.text.tmr_counter_value_set), (8 bytes).
    Removing at32f421_tmr.o(.text.tmr_counter_value_get), (4 bytes).
    Removing at32f421_tmr.o(.ARM.exidx.text.tmr_counter_value_get), (8 bytes).
    Removing at32f421_tmr.o(.text.tmr_div_value_set), (4 bytes).
    Removing at32f421_tmr.o(.ARM.exidx.text.tmr_div_value_set), (8 bytes).
    Removing at32f421_tmr.o(.text.tmr_div_value_get), (4 bytes).
    Removing at32f421_tmr.o(.ARM.exidx.text.tmr_div_value_get), (8 bytes).
    Removing at32f421_tmr.o(.text.tmr_output_channel_config), (250 bytes).
    Removing at32f421_tmr.o(.ARM.exidx.text.tmr_output_channel_config), (8 bytes).
    Removing at32f421_tmr.o(.text.tmr_output_channel_mode_select), (90 bytes).
    Removing at32f421_tmr.o(.ARM.exidx.text.tmr_output_channel_mode_select), (8 bytes).
    Removing at32f421_tmr.o(.ARM.exidx.text.tmr_period_value_set), (8 bytes).
    Removing at32f421_tmr.o(.text.tmr_period_value_get), (4 bytes).
    Removing at32f421_tmr.o(.ARM.exidx.text.tmr_period_value_get), (8 bytes).
    Removing at32f421_tmr.o(.text.tmr_channel_value_set), (34 bytes).
    Removing at32f421_tmr.o(.ARM.exidx.text.tmr_channel_value_set), (8 bytes).
    Removing at32f421_tmr.o(.text.tmr_channel_value_get), (40 bytes).
    Removing at32f421_tmr.o(.ARM.exidx.text.tmr_channel_value_get), (8 bytes).
    Removing at32f421_tmr.o(.text.tmr_period_buffer_enable), (18 bytes).
    Removing at32f421_tmr.o(.ARM.exidx.text.tmr_period_buffer_enable), (8 bytes).
    Removing at32f421_tmr.o(.text.tmr_output_channel_buffer_enable), (90 bytes).
    Removing at32f421_tmr.o(.ARM.exidx.text.tmr_output_channel_buffer_enable), (8 bytes).
    Removing at32f421_tmr.o(.text.tmr_output_channel_immediately_set), (90 bytes).
    Removing at32f421_tmr.o(.ARM.exidx.text.tmr_output_channel_immediately_set), (8 bytes).
    Removing at32f421_tmr.o(.text.tmr_output_channel_switch_select), (18 bytes).
    Removing at32f421_tmr.o(.ARM.exidx.text.tmr_output_channel_switch_select), (8 bytes).
    Removing at32f421_tmr.o(.text.tmr_output_channel_switch_set), (90 bytes).
    Removing at32f421_tmr.o(.ARM.exidx.text.tmr_output_channel_switch_set), (8 bytes).
    Removing at32f421_tmr.o(.text.tmr_one_cycle_mode_enable), (18 bytes).
    Removing at32f421_tmr.o(.ARM.exidx.text.tmr_one_cycle_mode_enable), (8 bytes).
    Removing at32f421_tmr.o(.text.tmr_overflow_request_source_set), (18 bytes).
    Removing at32f421_tmr.o(.ARM.exidx.text.tmr_overflow_request_source_set), (8 bytes).
    Removing at32f421_tmr.o(.text.tmr_overflow_event_disable), (18 bytes).
    Removing at32f421_tmr.o(.ARM.exidx.text.tmr_overflow_event_disable), (8 bytes).
    Removing at32f421_tmr.o(.text.tmr_input_channel_init), (460 bytes).
    Removing at32f421_tmr.o(.ARM.exidx.text.tmr_input_channel_init), (8 bytes).
    Removing at32f421_tmr.o(.text.tmr_channel_enable), (136 bytes).
    Removing at32f421_tmr.o(.ARM.exidx.text.tmr_channel_enable), (8 bytes).
    Removing at32f421_tmr.o(.text.tmr_input_channel_filter_set), (90 bytes).
    Removing at32f421_tmr.o(.ARM.exidx.text.tmr_input_channel_filter_set), (8 bytes).
    Removing at32f421_tmr.o(.text.tmr_pwm_input_config), (276 bytes).
    Removing at32f421_tmr.o(.ARM.exidx.text.tmr_pwm_input_config), (8 bytes).
    Removing at32f421_tmr.o(.text.tmr_channel1_input_select), (18 bytes).
    Removing at32f421_tmr.o(.ARM.exidx.text.tmr_channel1_input_select), (8 bytes).
    Removing at32f421_tmr.o(.text.tmr_input_channel_divider_set), (90 bytes).
    Removing at32f421_tmr.o(.ARM.exidx.text.tmr_input_channel_divider_set), (8 bytes).
    Removing at32f421_tmr.o(.text.tmr_primary_mode_select), (18 bytes).
    Removing at32f421_tmr.o(.ARM.exidx.text.tmr_primary_mode_select), (8 bytes).
    Removing at32f421_tmr.o(.text.tmr_sub_mode_select), (10 bytes).
    Removing at32f421_tmr.o(.ARM.exidx.text.tmr_sub_mode_select), (8 bytes).
    Removing at32f421_tmr.o(.text.tmr_channel_dma_select), (18 bytes).
    Removing at32f421_tmr.o(.ARM.exidx.text.tmr_channel_dma_select), (8 bytes).
    Removing at32f421_tmr.o(.text.tmr_hall_select), (18 bytes).
    Removing at32f421_tmr.o(.ARM.exidx.text.tmr_hall_select), (8 bytes).
    Removing at32f421_tmr.o(.text.tmr_channel_buffer_enable), (10 bytes).
    Removing at32f421_tmr.o(.ARM.exidx.text.tmr_channel_buffer_enable), (8 bytes).
    Removing at32f421_tmr.o(.text.tmr_trigger_input_select), (18 bytes).
    Removing at32f421_tmr.o(.ARM.exidx.text.tmr_trigger_input_select), (8 bytes).
    Removing at32f421_tmr.o(.text.tmr_sub_sync_mode_set), (18 bytes).
    Removing at32f421_tmr.o(.ARM.exidx.text.tmr_sub_sync_mode_set), (8 bytes).
    Removing at32f421_tmr.o(.text.tmr_dma_request_enable), (26 bytes).
    Removing at32f421_tmr.o(.ARM.exidx.text.tmr_dma_request_enable), (8 bytes).
    Removing at32f421_tmr.o(.text.tmr_interrupt_enable), (26 bytes).
    Removing at32f421_tmr.o(.ARM.exidx.text.tmr_interrupt_enable), (8 bytes).
    Removing at32f421_tmr.o(.text.tmr_flag_get), (10 bytes).
    Removing at32f421_tmr.o(.ARM.exidx.text.tmr_flag_get), (8 bytes).
    Removing at32f421_tmr.o(.text.tmr_flag_clear), (6 bytes).
    Removing at32f421_tmr.o(.ARM.exidx.text.tmr_flag_clear), (8 bytes).
    Removing at32f421_tmr.o(.text.tmr_event_sw_trigger), (8 bytes).
    Removing at32f421_tmr.o(.ARM.exidx.text.tmr_event_sw_trigger), (8 bytes).
    Removing at32f421_tmr.o(.text.tmr_output_enable), (18 bytes).
    Removing at32f421_tmr.o(.ARM.exidx.text.tmr_output_enable), (8 bytes).
    Removing at32f421_tmr.o(.text.tmr_internal_clock_set), (10 bytes).
    Removing at32f421_tmr.o(.ARM.exidx.text.tmr_internal_clock_set), (8 bytes).
    Removing at32f421_tmr.o(.text.tmr_output_channel_polarity_set), (144 bytes).
    Removing at32f421_tmr.o(.ARM.exidx.text.tmr_output_channel_polarity_set), (8 bytes).
    Removing at32f421_tmr.o(.text.tmr_external_clock_config), (54 bytes).
    Removing at32f421_tmr.o(.ARM.exidx.text.tmr_external_clock_config), (8 bytes).
    Removing at32f421_tmr.o(.text.tmr_external_clock_mode1_config), (70 bytes).
    Removing at32f421_tmr.o(.ARM.exidx.text.tmr_external_clock_mode1_config), (8 bytes).
    Removing at32f421_tmr.o(.text.tmr_external_clock_mode2_config), (62 bytes).
    Removing at32f421_tmr.o(.ARM.exidx.text.tmr_external_clock_mode2_config), (8 bytes).
    Removing at32f421_tmr.o(.text.tmr_encoder_mode_config), (68 bytes).
    Removing at32f421_tmr.o(.ARM.exidx.text.tmr_encoder_mode_config), (8 bytes).
    Removing at32f421_tmr.o(.text.tmr_force_output_set), (90 bytes).
    Removing at32f421_tmr.o(.ARM.exidx.text.tmr_force_output_set), (8 bytes).
    Removing at32f421_tmr.o(.text.tmr_dma_control_config), (26 bytes).
    Removing at32f421_tmr.o(.ARM.exidx.text.tmr_dma_control_config), (8 bytes).
    Removing at32f421_tmr.o(.text.tmr_brkdt_config), (122 bytes).
    Removing at32f421_tmr.o(.ARM.exidx.text.tmr_brkdt_config), (8 bytes).
    Removing at32f421_tmr.o(.text.tmr_iremap_config), (10 bytes).
    Removing at32f421_tmr.o(.ARM.exidx.text.tmr_iremap_config), (8 bytes).
    Removing at32f421_wdt.o(.text), (0 bytes).
    Removing at32f421_wdt.o(.text.wdt_enable), (16 bytes).
    Removing at32f421_wdt.o(.ARM.exidx.text.wdt_enable), (8 bytes).
    Removing at32f421_wdt.o(.ARM.exidx.text.wdt_counter_reload), (8 bytes).
    Removing at32f421_wdt.o(.text.wdt_reload_value_set), (12 bytes).
    Removing at32f421_wdt.o(.ARM.exidx.text.wdt_reload_value_set), (8 bytes).
    Removing at32f421_wdt.o(.ARM.exidx.text.wdt_divider_set), (8 bytes).
    Removing at32f421_wdt.o(.ARM.exidx.text.wdt_register_write_enable), (8 bytes).
    Removing at32f421_wdt.o(.text.wdt_flag_get), (18 bytes).
    Removing at32f421_wdt.o(.ARM.exidx.text.wdt_flag_get), (8 bytes).
    Removing system_at32f421.o(.text), (0 bytes).
    Removing system_at32f421.o(.ARM.exidx.text.SystemInit), (8 bytes).
    Removing system_at32f421.o(.text.system_core_clock_update), (240 bytes).
    Removing system_at32f421.o(.ARM.exidx.text.system_core_clock_update), (8 bytes).
    Removing system_at32f421.o(.data.system_core_clock), (4 bytes).
    Removing at32f421_i2c.o(.text), (0 bytes).
    Removing at32f421_i2c.o(.text.i2c_reset), (56 bytes).
    Removing at32f421_i2c.o(.ARM.exidx.text.i2c_reset), (8 bytes).
    Removing at32f421_i2c.o(.text.i2c_software_reset), (18 bytes).
    Removing at32f421_i2c.o(.ARM.exidx.text.i2c_software_reset), (8 bytes).
    Removing at32f421_i2c.o(.text.i2c_init), (254 bytes).
    Removing at32f421_i2c.o(.ARM.exidx.text.i2c_init), (8 bytes).
    Removing at32f421_i2c.o(.text.i2c_own_address1_set), (26 bytes).
    Removing at32f421_i2c.o(.ARM.exidx.text.i2c_own_address1_set), (8 bytes).
    Removing at32f421_i2c.o(.text.i2c_own_address2_set), (12 bytes).
    Removing at32f421_i2c.o(.ARM.exidx.text.i2c_own_address2_set), (8 bytes).
    Removing at32f421_i2c.o(.text.i2c_own_address2_enable), (10 bytes).
    Removing at32f421_i2c.o(.ARM.exidx.text.i2c_own_address2_enable), (8 bytes).
    Removing at32f421_i2c.o(.text.i2c_smbus_enable), (18 bytes).
    Removing at32f421_i2c.o(.ARM.exidx.text.i2c_smbus_enable), (8 bytes).
    Removing at32f421_i2c.o(.text.i2c_enable), (10 bytes).
    Removing at32f421_i2c.o(.ARM.exidx.text.i2c_enable), (8 bytes).
    Removing at32f421_i2c.o(.text.i2c_fast_mode_duty_set), (18 bytes).
    Removing at32f421_i2c.o(.ARM.exidx.text.i2c_fast_mode_duty_set), (8 bytes).
    Removing at32f421_i2c.o(.text.i2c_clock_stretch_enable), (16 bytes).
    Removing at32f421_i2c.o(.ARM.exidx.text.i2c_clock_stretch_enable), (8 bytes).
    Removing at32f421_i2c.o(.text.i2c_ack_enable), (18 bytes).
    Removing at32f421_i2c.o(.ARM.exidx.text.i2c_ack_enable), (8 bytes).
    Removing at32f421_i2c.o(.text.i2c_master_receive_ack_set), (18 bytes).
    Removing at32f421_i2c.o(.ARM.exidx.text.i2c_master_receive_ack_set), (8 bytes).
    Removing at32f421_i2c.o(.text.i2c_pec_position_set), (18 bytes).
    Removing at32f421_i2c.o(.ARM.exidx.text.i2c_pec_position_set), (8 bytes).
    Removing at32f421_i2c.o(.text.i2c_general_call_enable), (18 bytes).
    Removing at32f421_i2c.o(.ARM.exidx.text.i2c_general_call_enable), (8 bytes).
    Removing at32f421_i2c.o(.text.i2c_arp_mode_enable), (18 bytes).
    Removing at32f421_i2c.o(.ARM.exidx.text.i2c_arp_mode_enable), (8 bytes).
    Removing at32f421_i2c.o(.text.i2c_smbus_mode_set), (18 bytes).
    Removing at32f421_i2c.o(.ARM.exidx.text.i2c_smbus_mode_set), (8 bytes).
    Removing at32f421_i2c.o(.text.i2c_smbus_alert_set), (18 bytes).
    Removing at32f421_i2c.o(.ARM.exidx.text.i2c_smbus_alert_set), (8 bytes).
    Removing at32f421_i2c.o(.text.i2c_pec_transmit_enable), (18 bytes).
    Removing at32f421_i2c.o(.ARM.exidx.text.i2c_pec_transmit_enable), (8 bytes).
    Removing at32f421_i2c.o(.text.i2c_pec_calculate_enable), (18 bytes).
    Removing at32f421_i2c.o(.ARM.exidx.text.i2c_pec_calculate_enable), (8 bytes).
    Removing at32f421_i2c.o(.text.i2c_pec_value_get), (8 bytes).
    Removing at32f421_i2c.o(.ARM.exidx.text.i2c_pec_value_get), (8 bytes).
    Removing at32f421_i2c.o(.text.i2c_dma_end_transfer_set), (18 bytes).
    Removing at32f421_i2c.o(.ARM.exidx.text.i2c_dma_end_transfer_set), (8 bytes).
    Removing at32f421_i2c.o(.text.i2c_dma_enable), (18 bytes).
    Removing at32f421_i2c.o(.ARM.exidx.text.i2c_dma_enable), (8 bytes).
    Removing at32f421_i2c.o(.text.i2c_interrupt_enable), (24 bytes).
    Removing at32f421_i2c.o(.ARM.exidx.text.i2c_interrupt_enable), (8 bytes).
    Removing at32f421_i2c.o(.text.i2c_start_generate), (10 bytes).
    Removing at32f421_i2c.o(.ARM.exidx.text.i2c_start_generate), (8 bytes).
    Removing at32f421_i2c.o(.text.i2c_stop_generate), (10 bytes).
    Removing at32f421_i2c.o(.ARM.exidx.text.i2c_stop_generate), (8 bytes).
    Removing at32f421_i2c.o(.text.i2c_7bit_address_send), (16 bytes).
    Removing at32f421_i2c.o(.ARM.exidx.text.i2c_7bit_address_send), (8 bytes).
    Removing at32f421_i2c.o(.text.i2c_data_send), (4 bytes).
    Removing at32f421_i2c.o(.ARM.exidx.text.i2c_data_send), (8 bytes).
    Removing at32f421_i2c.o(.text.i2c_data_receive), (6 bytes).
    Removing at32f421_i2c.o(.ARM.exidx.text.i2c_data_receive), (8 bytes).
    Removing at32f421_i2c.o(.text.i2c_flag_get), (44 bytes).
    Removing at32f421_i2c.o(.ARM.exidx.text.i2c_flag_get), (8 bytes).
    Removing at32f421_i2c.o(.text.i2c_flag_clear), (38 bytes).
    Removing at32f421_i2c.o(.ARM.exidx.text.i2c_flag_clear), (8 bytes).

568 unused section(s) (total 16025 bytes) removed from the image.

==============================================================================

Image Symbol Table

    Local Symbols

    Symbol Name                              Value     Ov Type        Size  Object(Section)

    ../clib/angel/boardlib.s                 0x00000000   Number         0  boardinit1.o ABSOLUTE
    ../clib/angel/boardlib.s                 0x00000000   Number         0  boardinit2.o ABSOLUTE
    ../clib/angel/boardlib.s                 0x00000000   Number         0  boardinit3.o ABSOLUTE
    ../clib/angel/boardlib.s                 0x00000000   Number         0  boardshut.o ABSOLUTE
    ../clib/angel/handlers.s                 0x00000000   Number         0  __scatter_copy.o ABSOLUTE
    ../clib/angel/handlers.s                 0x00000000   Number         0  __scatter_zi.o ABSOLUTE
    ../clib/angel/kernel.s                   0x00000000   Number         0  __rtentry.o ABSOLUTE
    ../clib/angel/kernel.s                   0x00000000   Number         0  __rtentry2.o ABSOLUTE
    ../clib/angel/kernel.s                   0x00000000   Number         0  __rtentry4.o ABSOLUTE
    ../clib/angel/kernel.s                   0x00000000   Number         0  rtexit.o ABSOLUTE
    ../clib/angel/kernel.s                   0x00000000   Number         0  rtexit2.o ABSOLUTE
    ../clib/angel/rt.s                       0x00000000   Number         0  rt_raise.o ABSOLUTE
    ../clib/angel/scatter.s                  0x00000000   Number         0  __scatter.o ABSOLUTE
    ../clib/angel/startup.s                  0x00000000   Number         0  __main.o ABSOLUTE
    ../clib/angel/sys.s                      0x00000000   Number         0  sys_stackheap_outer.o ABSOLUTE
    ../clib/angel/sys.s                      0x00000000   Number         0  libspace.o ABSOLUTE
    ../clib/angel/sys.s                      0x00000000   Number         0  use_no_semi.o ABSOLUTE
    ../clib/angel/sys.s                      0x00000000   Number         0  indicate_semi.o ABSOLUTE
    ../clib/angel/sysapp.c                   0x00000000   Number         0  sys_exit.o ABSOLUTE
    ../clib/angel/sysapp.c                   0x00000000   Number         0  sys_exit_hlt.o ABSOLUTE
    ../clib/angel/sysapp.c                   0x00000000   Number         0  sys_command.o ABSOLUTE
    ../clib/angel/sysapp.c                   0x00000000   Number         0  sys_command_hlt.o ABSOLUTE
    ../clib/angel/sysapp.c                   0x00000000   Number         0  sys_wrch.o ABSOLUTE
    ../clib/angel/sysapp.c                   0x00000000   Number         0  sys_wrch_hlt.o ABSOLUTE
    ../clib/armsys.c                         0x00000000   Number         0  argv_veneer.o ABSOLUTE
    ../clib/armsys.c                         0x00000000   Number         0  argv_veneer.o ABSOLUTE
    ../clib/armsys.c                         0x00000000   Number         0  _get_argv_nomalloc.o ABSOLUTE
    ../clib/armsys.c                         0x00000000   Number         0  no_argv.o ABSOLUTE
    ../clib/heapalloc.c                      0x00000000   Number         0  hrguard.o ABSOLUTE
    ../clib/heapaux.c                        0x00000000   Number         0  heapauxi.o ABSOLUTE
    ../clib/libinit.s                        0x00000000   Number         0  libinit.o ABSOLUTE
    ../clib/libinit.s                        0x00000000   Number         0  libinit2.o ABSOLUTE
    ../clib/libinit.s                        0x00000000   Number         0  libshutdown.o ABSOLUTE
    ../clib/libinit.s                        0x00000000   Number         0  libshutdown2.o ABSOLUTE
    ../clib/signal.c                         0x00000000   Number         0  defsig_rtmem_outer.o ABSOLUTE
    ../clib/signal.c                         0x00000000   Number         0  defsig_rtmem_formal.o ABSOLUTE
    ../clib/signal.c                         0x00000000   Number         0  defsig_exit.o ABSOLUTE
    ../clib/signal.c                         0x00000000   Number         0  defsig_rtmem_inner.o ABSOLUTE
    ../clib/signal.c                         0x00000000   Number         0  __raise.o ABSOLUTE
    ../clib/signal.c                         0x00000000   Number         0  defsig_general.o ABSOLUTE
    ../clib/signal.c                         0x00000000   Number         0  defsig_abrt_inner.o ABSOLUTE
    ../clib/signal.c                         0x00000000   Number         0  defsig_fpe_inner.o ABSOLUTE
    ../clib/signal.c                         0x00000000   Number         0  defsig_rtred_inner.o ABSOLUTE
    ../clib/signal.c                         0x00000000   Number         0  defsig_stak_inner.o ABSOLUTE
    ../clib/signal.c                         0x00000000   Number         0  defsig_pvfn_inner.o ABSOLUTE
    ../clib/signal.c                         0x00000000   Number         0  defsig_cppl_inner.o ABSOLUTE
    ../clib/signal.c                         0x00000000   Number         0  defsig_segv_inner.o ABSOLUTE
    ../clib/signal.c                         0x00000000   Number         0  defsig_other.o ABSOLUTE
    ../clib/signal.s                         0x00000000   Number         0  defsig.o ABSOLUTE
    ../clib/stdlib.c                         0x00000000   Number         0  exit.o ABSOLUTE
    ../fplib/fpinit.s                        0x00000000   Number         0  fpinit.o ABSOLUTE
    ../fplib/fpinit_empty.s                  0x00000000   Number         0  fpinit_empty.o ABSOLUTE
    RTE/Device/-AT32F421F8P7/startup_at32f421.s 0x00000000   Number         0  startup_at32f421.o ABSOLUTE
    at32f421_adc.c                           0x00000000   Number         0  at32f421_adc.o ABSOLUTE
    at32f421_crm.c                           0x00000000   Number         0  at32f421_crm.o ABSOLUTE
    at32f421_ertc.c                          0x00000000   Number         0  at32f421_ertc.o ABSOLUTE
    at32f421_gpio.c                          0x00000000   Number         0  at32f421_gpio.o ABSOLUTE
    at32f421_i2c.c                           0x00000000   Number         0  at32f421_i2c.o ABSOLUTE
    at32f421_misc.c                          0x00000000   Number         0  at32f421_misc.o ABSOLUTE
    at32f421_tmr.c                           0x00000000   Number         0  at32f421_tmr.o ABSOLUTE
    at32f421_wdt.c                           0x00000000   Number         0  at32f421_wdt.o ABSOLUTE
    dc.s                                     0x00000000   Number         0  dc.o ABSOLUTE
    main.c                                   0x00000000   Number         0  main.o ABSOLUTE
    system_at32f421.c                        0x00000000   Number         0  system_at32f421.o ABSOLUTE
    RESET                                    0x08000000   Section      204  startup_at32f421.o(RESET)
    !!!main                                  0x080000cc   Section        8  __main.o(!!!main)
    !!!scatter                               0x080000d4   Section       52  __scatter.o(!!!scatter)
    !!handler_copy                           0x08000108   Section       26  __scatter_copy.o(!!handler_copy)
    !!handler_zi                             0x08000124   Section       28  __scatter_zi.o(!!handler_zi)
    .ARM.Collect$$libinit$$00000000          0x08000140   Section        2  libinit.o(.ARM.Collect$$libinit$$00000000)
    .ARM.Collect$$libinit$$00000002          0x08000142   Section        0  libinit2.o(.ARM.Collect$$libinit$$00000002)
    .ARM.Collect$$libinit$$00000004          0x08000142   Section        0  libinit2.o(.ARM.Collect$$libinit$$00000004)
    .ARM.Collect$$libinit$$00000006          0x08000142   Section        0  libinit2.o(.ARM.Collect$$libinit$$00000006)
    .ARM.Collect$$libinit$$0000000C          0x08000142   Section        0  libinit2.o(.ARM.Collect$$libinit$$0000000C)
    .ARM.Collect$$libinit$$0000000E          0x08000142   Section        0  libinit2.o(.ARM.Collect$$libinit$$0000000E)
    .ARM.Collect$$libinit$$00000010          0x08000142   Section        0  libinit2.o(.ARM.Collect$$libinit$$00000010)
    .ARM.Collect$$libinit$$00000013          0x08000142   Section        0  libinit2.o(.ARM.Collect$$libinit$$00000013)
    .ARM.Collect$$libinit$$00000015          0x08000142   Section        0  libinit2.o(.ARM.Collect$$libinit$$00000015)
    .ARM.Collect$$libinit$$00000017          0x08000142   Section        0  libinit2.o(.ARM.Collect$$libinit$$00000017)
    .ARM.Collect$$libinit$$00000019          0x08000142   Section        0  libinit2.o(.ARM.Collect$$libinit$$00000019)
    .ARM.Collect$$libinit$$0000001B          0x08000142   Section        0  libinit2.o(.ARM.Collect$$libinit$$0000001B)
    .ARM.Collect$$libinit$$0000001D          0x08000142   Section        0  libinit2.o(.ARM.Collect$$libinit$$0000001D)
    .ARM.Collect$$libinit$$0000001F          0x08000142   Section        0  libinit2.o(.ARM.Collect$$libinit$$0000001F)
    .ARM.Collect$$libinit$$00000021          0x08000142   Section        0  libinit2.o(.ARM.Collect$$libinit$$00000021)
    .ARM.Collect$$libinit$$00000023          0x08000142   Section        0  libinit2.o(.ARM.Collect$$libinit$$00000023)
    .ARM.Collect$$libinit$$00000025          0x08000142   Section        0  libinit2.o(.ARM.Collect$$libinit$$00000025)
    .ARM.Collect$$libinit$$00000027          0x08000142   Section        0  libinit2.o(.ARM.Collect$$libinit$$00000027)
    .ARM.Collect$$libinit$$0000002E          0x08000142   Section        0  libinit2.o(.ARM.Collect$$libinit$$0000002E)
    .ARM.Collect$$libinit$$00000030          0x08000142   Section        0  libinit2.o(.ARM.Collect$$libinit$$00000030)
    .ARM.Collect$$libinit$$00000032          0x08000142   Section        0  libinit2.o(.ARM.Collect$$libinit$$00000032)
    .ARM.Collect$$libinit$$00000034          0x08000142   Section        0  libinit2.o(.ARM.Collect$$libinit$$00000034)
    .ARM.Collect$$libinit$$00000035          0x08000142   Section        2  libinit2.o(.ARM.Collect$$libinit$$00000035)
    .ARM.Collect$$libshutdown$$00000000      0x08000144   Section        2  libshutdown.o(.ARM.Collect$$libshutdown$$00000000)
    .ARM.Collect$$libshutdown$$00000002      0x08000146   Section        0  libshutdown2.o(.ARM.Collect$$libshutdown$$00000002)
    .ARM.Collect$$libshutdown$$00000004      0x08000146   Section        0  libshutdown2.o(.ARM.Collect$$libshutdown$$00000004)
    .ARM.Collect$$libshutdown$$00000007      0x08000146   Section        0  libshutdown2.o(.ARM.Collect$$libshutdown$$00000007)
    .ARM.Collect$$libshutdown$$0000000A      0x08000146   Section        0  libshutdown2.o(.ARM.Collect$$libshutdown$$0000000A)
    .ARM.Collect$$libshutdown$$0000000C      0x08000146   Section        0  libshutdown2.o(.ARM.Collect$$libshutdown$$0000000C)
    .ARM.Collect$$libshutdown$$0000000F      0x08000146   Section        0  libshutdown2.o(.ARM.Collect$$libshutdown$$0000000F)
    .ARM.Collect$$libshutdown$$00000010      0x08000146   Section        2  libshutdown2.o(.ARM.Collect$$libshutdown$$00000010)
    .ARM.Collect$$rtentry$$00000000          0x08000148   Section        0  __rtentry.o(.ARM.Collect$$rtentry$$00000000)
    .ARM.Collect$$rtentry$$00000002          0x08000148   Section        0  __rtentry2.o(.ARM.Collect$$rtentry$$00000002)
    .ARM.Collect$$rtentry$$00000004          0x08000148   Section        6  __rtentry4.o(.ARM.Collect$$rtentry$$00000004)
    .ARM.Collect$$rtentry$$00000009          0x0800014e   Section        0  __rtentry2.o(.ARM.Collect$$rtentry$$00000009)
    .ARM.Collect$$rtentry$$0000000A          0x0800014e   Section        4  __rtentry2.o(.ARM.Collect$$rtentry$$0000000A)
    .ARM.Collect$$rtentry$$0000000C          0x08000152   Section        0  __rtentry2.o(.ARM.Collect$$rtentry$$0000000C)
    .ARM.Collect$$rtentry$$0000000D          0x08000152   Section        8  __rtentry2.o(.ARM.Collect$$rtentry$$0000000D)
    .ARM.Collect$$rtexit$$00000000           0x0800015a   Section        2  rtexit.o(.ARM.Collect$$rtexit$$00000000)
    .ARM.Collect$$rtexit$$00000002           0x0800015c   Section        0  rtexit2.o(.ARM.Collect$$rtexit$$00000002)
    .ARM.Collect$$rtexit$$00000003           0x0800015c   Section        4  rtexit2.o(.ARM.Collect$$rtexit$$00000003)
    .ARM.Collect$$rtexit$$00000004           0x08000160   Section        6  rtexit2.o(.ARM.Collect$$rtexit$$00000004)
    .text                                    0x08000168   Section       64  startup_at32f421.o(.text)
    .text                                    0x080001a8   Section        0  heapauxi.o(.text)
    .text                                    0x080001ae   Section       74  sys_stackheap_outer.o(.text)
    .text                                    0x080001f8   Section        0  exit.o(.text)
    .text                                    0x0800020c   Section        8  libspace.o(.text)
    .text                                    0x08000214   Section        0  sys_exit.o(.text)
    .text                                    0x08000220   Section        2  use_no_semi.o(.text)
    .text                                    0x08000222   Section        0  indicate_semi.o(.text)
    [Anonymous Symbol]                       0x08000224   Section        0  main.o(.text.ADC1_CMP_IRQHandler)
    [Anonymous Symbol]                       0x08000268   Section        0  system_at32f421.o(.text.SystemInit)
    [Anonymous Symbol]                       0x080002c4   Section        0  main.o(.text.TMR6_GLOBAL_IRQHandler)
    [Anonymous Symbol]                       0x08000324   Section        0  at32f421_adc.o(.text.adc_ordinary_conversion_data_get)
    [Anonymous Symbol]                       0x0800032c   Section        0  at32f421_adc.o(.text.adc_ordinary_conversion_trigger_set)
    [Anonymous Symbol]                       0x08000358   Section        0  at32f421_crm.o(.text.crm_ahb_div_set)
    [Anonymous Symbol]                       0x08000374   Section        0  at32f421_crm.o(.text.crm_clock_source_enable)
    [Anonymous Symbol]                       0x080003f0   Section        0  at32f421_crm.o(.text.crm_hick_divider_select)
    [Anonymous Symbol]                       0x0800040c   Section        0  at32f421_crm.o(.text.crm_hick_sclk_frequency_select)
    [Anonymous Symbol]                       0x08000430   Section        0  at32f421_crm.o(.text.crm_periph_clock_enable)
    [Anonymous Symbol]                       0x08000458   Section        0  at32f421_gpio.o(.text.gpio_bits_reset)
    [Anonymous Symbol]                       0x0800045c   Section        0  at32f421_gpio.o(.text.gpio_bits_set)
    [Anonymous Symbol]                       0x08000460   Section        0  at32f421_gpio.o(.text.gpio_bits_write)
    [Anonymous Symbol]                       0x0800046c   Section        0  at32f421_gpio.o(.text.gpio_init)
    [Anonymous Symbol]                       0x080004e0   Section        0  at32f421_gpio.o(.text.gpio_input_data_bit_read)
    [Anonymous Symbol]                       0x080004f0   Section        0  main.o(.text.hardware_init)
    [Anonymous Symbol]                       0x080005f4   Section        0  main.o(.text.i2cSetData)
    [Anonymous Symbol]                       0x080006f4   Section        0  main.o(.text.main)
    [Anonymous Symbol]                       0x08000700   Section        0  main.o(.text.ms_200_work)
    [Anonymous Symbol]                       0x08000874   Section        0  main.o(.text.ms_tick)
    [Anonymous Symbol]                       0x08000970   Section        0  main.o(.text.sec_work)
    [Anonymous Symbol]                       0x08000adc   Section        0  at32f421_tmr.o(.text.tmr_period_value_set)
    [Anonymous Symbol]                       0x08000ae0   Section        0  at32f421_wdt.o(.text.wdt_counter_reload)
    [Anonymous Symbol]                       0x08000af0   Section        0  at32f421_wdt.o(.text.wdt_divider_set)
    [Anonymous Symbol]                       0x08000b04   Section        0  at32f421_wdt.o(.text.wdt_register_write_enable)
    .bss                                     0x20000010   Section       96  libspace.o(.bss)
    TMR6_GLOBAL_IRQHandler.i                 0x20000070   Data           1  main.o(.bss.TMR6_GLOBAL_IRQHandler.i)
    [Anonymous Symbol]                       0x20000070   Section        0  main.o(.bss.TMR6_GLOBAL_IRQHandler.i)
    ff                                       0x20000078   Data           4  main.o(.bss.ff)
    [Anonymous Symbol]                       0x20000078   Section        0  main.o(.bss.ff)
    ms_10_work.f                             0x20000088   Data           1  main.o(.bss.ms_10_work.f)
    [Anonymous Symbol]                       0x20000088   Section        0  main.o(.bss.ms_10_work.f)
    ms_tick.ms1000_count                     0x20000090   Data           8  main.o(.bss.ms_tick.ms1000_count)
    [Anonymous Symbol]                       0x20000090   Section        0  main.o(.bss.ms_tick.ms1000_count)
    ms_tick.ms10_count                       0x20000098   Data           8  main.o(.bss.ms_tick.ms10_count)
    [Anonymous Symbol]                       0x20000098   Section        0  main.o(.bss.ms_tick.ms10_count)
    ms_tick.ms200_count                      0x200000a0   Data           8  main.o(.bss.ms_tick.ms200_count)
    [Anonymous Symbol]                       0x200000a0   Section        0  main.o(.bss.ms_tick.ms200_count)
    sec_work.iled                            0x200000ad   Data           1  main.o(.bss.sec_work.iled)
    [Anonymous Symbol]                       0x200000ad   Section        0  main.o(.bss.sec_work.iled)
    Heap_Mem                                 0x200000c0   Data         512  startup_at32f421.o(HEAP)
    HEAP                                     0x200000c0   Section      512  startup_at32f421.o(HEAP)
    Stack_Mem                                0x200002c0   Data        1024  startup_at32f421.o(STACK)
    STACK                                    0x200002c0   Section     1024  startup_at32f421.o(STACK)
    __initial_sp                             0x200006c0   Data           0  startup_at32f421.o(STACK)

    Global Symbols

    Symbol Name                              Value     Ov Type        Size  Object(Section)

    BuildAttributes$$THM_ISAv4$E$P$D$K$B$S$7EM$PE$A:L22UL41UL21$X:L11$S22US41US21$IEEE1$IW$~IW$USESV6$~STKCKD$USESV7$~SHL$OTIME$ROPI$EBA8$UX$STANDARDLIB$REQ8$PRES8$EABIv2 0x00000000   Number         0  anon$$obj.o ABSOLUTE
    __fp_init_empty                          0x00000000   Number         0  fpinit_empty.o ABSOLUTE
    __ARM_exceptions_init                     - Undefined Weak Reference
    __alloca_initialize                       - Undefined Weak Reference
    __arm_preinit_                            - Undefined Weak Reference
    __arm_relocate_pie_                       - Undefined Weak Reference
    __cpp_initialize__aeabi_                  - Undefined Weak Reference
    __cxa_finalize                            - Undefined Weak Reference
    __rt_locale                               - Undefined Weak Reference
    __sigvec_lookup                           - Undefined Weak Reference
    _atexit_init                              - Undefined Weak Reference
    _call_atexit_fns                          - Undefined Weak Reference
    _clock_init                               - Undefined Weak Reference
    _fp_trap_init                             - Undefined Weak Reference
    _fp_trap_shutdown                         - Undefined Weak Reference
    _get_lc_collate                           - Undefined Weak Reference
    _get_lc_ctype                             - Undefined Weak Reference
    _get_lc_monetary                          - Undefined Weak Reference
    _get_lc_numeric                           - Undefined Weak Reference
    _get_lc_time                              - Undefined Weak Reference
    _getenv_init                              - Undefined Weak Reference
    _handle_redirection                       - Undefined Weak Reference
    _init_alloc                               - Undefined Weak Reference
    _init_user_alloc                          - Undefined Weak Reference
    _initio                                   - Undefined Weak Reference
    _rand_init                                - Undefined Weak Reference
    _signal_finish                            - Undefined Weak Reference
    _signal_init                              - Undefined Weak Reference
    _terminate_alloc                          - Undefined Weak Reference
    _terminate_user_alloc                     - Undefined Weak Reference
    _terminateio                              - Undefined Weak Reference
    __Vectors_Size                           0x000000cc   Number         0  startup_at32f421.o ABSOLUTE
    __Vectors                                0x08000000   Data           4  startup_at32f421.o(RESET)
    __Vectors_End                            0x080000cc   Data           0  startup_at32f421.o(RESET)
    __main                                   0x080000cd   Thumb Code     8  __main.o(!!!main)
    __scatterload                            0x080000d5   Thumb Code     0  __scatter.o(!!!scatter)
    __scatterload_rt2                        0x080000d5   Thumb Code    44  __scatter.o(!!!scatter)
    __scatterload_rt2_thumb_only             0x080000d5   Thumb Code     0  __scatter.o(!!!scatter)
    __scatterload_null                       0x080000e3   Thumb Code     0  __scatter.o(!!!scatter)
    __scatterload_copy                       0x08000109   Thumb Code    26  __scatter_copy.o(!!handler_copy)
    __scatterload_zeroinit                   0x08000125   Thumb Code    28  __scatter_zi.o(!!handler_zi)
    __rt_lib_init                            0x08000141   Thumb Code     0  libinit.o(.ARM.Collect$$libinit$$00000000)
    __rt_lib_init_alloca_1                   0x08000143   Thumb Code     0  libinit2.o(.ARM.Collect$$libinit$$00000030)
    __rt_lib_init_argv_1                     0x08000143   Thumb Code     0  libinit2.o(.ARM.Collect$$libinit$$0000002E)
    __rt_lib_init_atexit_1                   0x08000143   Thumb Code     0  libinit2.o(.ARM.Collect$$libinit$$0000001D)
    __rt_lib_init_clock_1                    0x08000143   Thumb Code     0  libinit2.o(.ARM.Collect$$libinit$$00000023)
    __rt_lib_init_cpp_1                      0x08000143   Thumb Code     0  libinit2.o(.ARM.Collect$$libinit$$00000034)
    __rt_lib_init_exceptions_1               0x08000143   Thumb Code     0  libinit2.o(.ARM.Collect$$libinit$$00000032)
    __rt_lib_init_fp_1                       0x08000143   Thumb Code     0  libinit2.o(.ARM.Collect$$libinit$$00000002)
    __rt_lib_init_fp_trap_1                  0x08000143   Thumb Code     0  libinit2.o(.ARM.Collect$$libinit$$00000021)
    __rt_lib_init_getenv_1                   0x08000143   Thumb Code     0  libinit2.o(.ARM.Collect$$libinit$$00000025)
    __rt_lib_init_heap_1                     0x08000143   Thumb Code     0  libinit2.o(.ARM.Collect$$libinit$$0000000C)
    __rt_lib_init_lc_collate_1               0x08000143   Thumb Code     0  libinit2.o(.ARM.Collect$$libinit$$00000013)
    __rt_lib_init_lc_ctype_1                 0x08000143   Thumb Code     0  libinit2.o(.ARM.Collect$$libinit$$00000015)
    __rt_lib_init_lc_monetary_1              0x08000143   Thumb Code     0  libinit2.o(.ARM.Collect$$libinit$$00000017)
    __rt_lib_init_lc_numeric_1               0x08000143   Thumb Code     0  libinit2.o(.ARM.Collect$$libinit$$00000019)
    __rt_lib_init_lc_time_1                  0x08000143   Thumb Code     0  libinit2.o(.ARM.Collect$$libinit$$0000001B)
    __rt_lib_init_preinit_1                  0x08000143   Thumb Code     0  libinit2.o(.ARM.Collect$$libinit$$00000006)
    __rt_lib_init_rand_1                     0x08000143   Thumb Code     0  libinit2.o(.ARM.Collect$$libinit$$00000010)
    __rt_lib_init_relocate_pie_1             0x08000143   Thumb Code     0  libinit2.o(.ARM.Collect$$libinit$$00000004)
    __rt_lib_init_return                     0x08000143   Thumb Code     0  libinit2.o(.ARM.Collect$$libinit$$00000035)
    __rt_lib_init_signal_1                   0x08000143   Thumb Code     0  libinit2.o(.ARM.Collect$$libinit$$0000001F)
    __rt_lib_init_stdio_1                    0x08000143   Thumb Code     0  libinit2.o(.ARM.Collect$$libinit$$00000027)
    __rt_lib_init_user_alloc_1               0x08000143   Thumb Code     0  libinit2.o(.ARM.Collect$$libinit$$0000000E)
    __rt_lib_shutdown                        0x08000145   Thumb Code     0  libshutdown.o(.ARM.Collect$$libshutdown$$00000000)
    __rt_lib_shutdown_cpp_1                  0x08000147   Thumb Code     0  libshutdown2.o(.ARM.Collect$$libshutdown$$00000002)
    __rt_lib_shutdown_fp_trap_1              0x08000147   Thumb Code     0  libshutdown2.o(.ARM.Collect$$libshutdown$$00000007)
    __rt_lib_shutdown_heap_1                 0x08000147   Thumb Code     0  libshutdown2.o(.ARM.Collect$$libshutdown$$0000000F)
    __rt_lib_shutdown_return                 0x08000147   Thumb Code     0  libshutdown2.o(.ARM.Collect$$libshutdown$$00000010)
    __rt_lib_shutdown_signal_1               0x08000147   Thumb Code     0  libshutdown2.o(.ARM.Collect$$libshutdown$$0000000A)
    __rt_lib_shutdown_stdio_1                0x08000147   Thumb Code     0  libshutdown2.o(.ARM.Collect$$libshutdown$$00000004)
    __rt_lib_shutdown_user_alloc_1           0x08000147   Thumb Code     0  libshutdown2.o(.ARM.Collect$$libshutdown$$0000000C)
    __rt_entry                               0x08000149   Thumb Code     0  __rtentry.o(.ARM.Collect$$rtentry$$00000000)
    __rt_entry_presh_1                       0x08000149   Thumb Code     0  __rtentry2.o(.ARM.Collect$$rtentry$$00000002)
    __rt_entry_sh                            0x08000149   Thumb Code     0  __rtentry4.o(.ARM.Collect$$rtentry$$00000004)
    __rt_entry_li                            0x0800014f   Thumb Code     0  __rtentry2.o(.ARM.Collect$$rtentry$$0000000A)
    __rt_entry_postsh_1                      0x0800014f   Thumb Code     0  __rtentry2.o(.ARM.Collect$$rtentry$$00000009)
    __rt_entry_main                          0x08000153   Thumb Code     0  __rtentry2.o(.ARM.Collect$$rtentry$$0000000D)
    __rt_entry_postli_1                      0x08000153   Thumb Code     0  __rtentry2.o(.ARM.Collect$$rtentry$$0000000C)
    __rt_exit                                0x0800015b   Thumb Code     0  rtexit.o(.ARM.Collect$$rtexit$$00000000)
    __rt_exit_ls                             0x0800015d   Thumb Code     0  rtexit2.o(.ARM.Collect$$rtexit$$00000003)
    __rt_exit_prels_1                        0x0800015d   Thumb Code     0  rtexit2.o(.ARM.Collect$$rtexit$$00000002)
    __rt_exit_exit                           0x08000161   Thumb Code     0  rtexit2.o(.ARM.Collect$$rtexit$$00000004)
    Reset_Handler                            0x08000169   Thumb Code     8  startup_at32f421.o(.text)
    NMI_Handler                              0x08000171   Thumb Code     2  startup_at32f421.o(.text)
    HardFault_Handler                        0x08000173   Thumb Code     2  startup_at32f421.o(.text)
    MemManage_Handler                        0x08000175   Thumb Code     2  startup_at32f421.o(.text)
    BusFault_Handler                         0x08000177   Thumb Code     2  startup_at32f421.o(.text)
    UsageFault_Handler                       0x08000179   Thumb Code     2  startup_at32f421.o(.text)
    SVC_Handler                              0x0800017b   Thumb Code     2  startup_at32f421.o(.text)
    DebugMon_Handler                         0x0800017d   Thumb Code     2  startup_at32f421.o(.text)
    PendSV_Handler                           0x0800017f   Thumb Code     2  startup_at32f421.o(.text)
    SysTick_Handler                          0x08000181   Thumb Code     2  startup_at32f421.o(.text)
    CRM_IRQHandler                           0x08000183   Thumb Code     0  startup_at32f421.o(.text)
    DMA1_Channel1_IRQHandler                 0x08000183   Thumb Code     0  startup_at32f421.o(.text)
    DMA1_Channel3_2_IRQHandler               0x08000183   Thumb Code     0  startup_at32f421.o(.text)
    DMA1_Channel5_4_IRQHandler               0x08000183   Thumb Code     0  startup_at32f421.o(.text)
    ERTC_IRQHandler                          0x08000183   Thumb Code     0  startup_at32f421.o(.text)
    EXINT15_4_IRQHandler                     0x08000183   Thumb Code     0  startup_at32f421.o(.text)
    EXINT1_0_IRQHandler                      0x08000183   Thumb Code     0  startup_at32f421.o(.text)
    EXINT3_2_IRQHandler                      0x08000183   Thumb Code     0  startup_at32f421.o(.text)
    FLASH_IRQHandler                         0x08000183   Thumb Code     0  startup_at32f421.o(.text)
    I2C1_ERR_IRQHandler                      0x08000183   Thumb Code     0  startup_at32f421.o(.text)
    I2C1_EVT_IRQHandler                      0x08000183   Thumb Code     0  startup_at32f421.o(.text)
    I2C2_ERR_IRQHandler                      0x08000183   Thumb Code     0  startup_at32f421.o(.text)
    I2C2_EVT_IRQHandler                      0x08000183   Thumb Code     0  startup_at32f421.o(.text)
    PVM_IRQHandler                           0x08000183   Thumb Code     0  startup_at32f421.o(.text)
    SPI1_IRQHandler                          0x08000183   Thumb Code     0  startup_at32f421.o(.text)
    SPI2_IRQHandler                          0x08000183   Thumb Code     0  startup_at32f421.o(.text)
    TMR14_GLOBAL_IRQHandler                  0x08000183   Thumb Code     0  startup_at32f421.o(.text)
    TMR15_GLOBAL_IRQHandler                  0x08000183   Thumb Code     0  startup_at32f421.o(.text)
    TMR16_GLOBAL_IRQHandler                  0x08000183   Thumb Code     0  startup_at32f421.o(.text)
    TMR17_GLOBAL_IRQHandler                  0x08000183   Thumb Code     0  startup_at32f421.o(.text)
    TMR1_BRK_OVF_TRG_HALL_IRQHandler         0x08000183   Thumb Code     0  startup_at32f421.o(.text)
    TMR1_CH_IRQHandler                       0x08000183   Thumb Code     0  startup_at32f421.o(.text)
    TMR3_GLOBAL_IRQHandler                   0x08000183   Thumb Code     0  startup_at32f421.o(.text)
    USART1_IRQHandler                        0x08000183   Thumb Code     0  startup_at32f421.o(.text)
    USART2_IRQHandler                        0x08000183   Thumb Code     0  startup_at32f421.o(.text)
    WWDT_IRQHandler                          0x08000183   Thumb Code     0  startup_at32f421.o(.text)
    __user_initial_stackheap                 0x08000185   Thumb Code     0  startup_at32f421.o(.text)
    __use_two_region_memory                  0x080001a9   Thumb Code     2  heapauxi.o(.text)
    __rt_heap_escrow$2region                 0x080001ab   Thumb Code     2  heapauxi.o(.text)
    __rt_heap_expand$2region                 0x080001ad   Thumb Code     2  heapauxi.o(.text)
    __user_setup_stackheap                   0x080001af   Thumb Code    74  sys_stackheap_outer.o(.text)
    exit                                     0x080001f9   Thumb Code    18  exit.o(.text)
    __user_libspace                          0x0800020d   Thumb Code     8  libspace.o(.text)
    __user_perproc_libspace                  0x0800020d   Thumb Code     0  libspace.o(.text)
    __user_perthread_libspace                0x0800020d   Thumb Code     0  libspace.o(.text)
    _sys_exit                                0x08000215   Thumb Code     8  sys_exit.o(.text)
    __I$use$semihosting                      0x08000221   Thumb Code     0  use_no_semi.o(.text)
    __use_no_semihosting_swi                 0x08000221   Thumb Code     2  use_no_semi.o(.text)
    __semihosting_library_function           0x08000223   Thumb Code     0  indicate_semi.o(.text)
    ADC1_CMP_IRQHandler                      0x08000225   Thumb Code    66  main.o(.text.ADC1_CMP_IRQHandler)
    SystemInit                               0x08000269   Thumb Code    92  system_at32f421.o(.text.SystemInit)
    TMR6_GLOBAL_IRQHandler                   0x080002c5   Thumb Code    96  main.o(.text.TMR6_GLOBAL_IRQHandler)
    adc_ordinary_conversion_data_get         0x08000325   Thumb Code     6  at32f421_adc.o(.text.adc_ordinary_conversion_data_get)
    adc_ordinary_conversion_trigger_set      0x0800032d   Thumb Code    42  at32f421_adc.o(.text.adc_ordinary_conversion_trigger_set)
    crm_ahb_div_set                          0x08000359   Thumb Code    26  at32f421_crm.o(.text.crm_ahb_div_set)
    crm_clock_source_enable                  0x08000375   Thumb Code   122  at32f421_crm.o(.text.crm_clock_source_enable)
    crm_hick_divider_select                  0x080003f1   Thumb Code    26  at32f421_crm.o(.text.crm_hick_divider_select)
    crm_hick_sclk_frequency_select           0x0800040d   Thumb Code    34  at32f421_crm.o(.text.crm_hick_sclk_frequency_select)
    crm_periph_clock_enable                  0x08000431   Thumb Code    40  at32f421_crm.o(.text.crm_periph_clock_enable)
    gpio_bits_reset                          0x08000459   Thumb Code     4  at32f421_gpio.o(.text.gpio_bits_reset)
    gpio_bits_set                            0x0800045d   Thumb Code     4  at32f421_gpio.o(.text.gpio_bits_set)
    gpio_bits_write                          0x08000461   Thumb Code    12  at32f421_gpio.o(.text.gpio_bits_write)
    gpio_init                                0x0800046d   Thumb Code   116  at32f421_gpio.o(.text.gpio_init)
    gpio_input_data_bit_read                 0x080004e1   Thumb Code    14  at32f421_gpio.o(.text.gpio_input_data_bit_read)
    hardware_init                            0x080004f1   Thumb Code   260  main.o(.text.hardware_init)
    i2cSetData                               0x080005f5   Thumb Code   256  main.o(.text.i2cSetData)
    main                                     0x080006f5   Thumb Code    10  main.o(.text.main)
    ms_200_work                              0x08000701   Thumb Code   372  main.o(.text.ms_200_work)
    ms_tick                                  0x08000875   Thumb Code   252  main.o(.text.ms_tick)
    sec_work                                 0x08000971   Thumb Code   364  main.o(.text.sec_work)
    tmr_period_value_set                     0x08000add   Thumb Code     4  at32f421_tmr.o(.text.tmr_period_value_set)
    wdt_counter_reload                       0x08000ae1   Thumb Code    16  at32f421_wdt.o(.text.wdt_counter_reload)
    wdt_divider_set                          0x08000af1   Thumb Code    18  at32f421_wdt.o(.text.wdt_divider_set)
    wdt_register_write_enable                0x08000b05   Thumb Code    20  at32f421_wdt.o(.text.wdt_register_write_enable)
    Region$$Table$$Base                      0x08000b18   Number         0  anon$$obj.o(Region$$Table)
    Region$$Table$$Limit                     0x08000b38   Number         0  anon$$obj.o(Region$$Table)
    numbers                                  0x20000000   Data          10  main.o(.data.numbers)
    __libspace_start                         0x20000010   Data          96  libspace.o(.bss)
    __temporary_stack_top$libspace           0x20000070   Data           0  libspace.o(.bss)
    adc_result                               0x20000072   Data           2  main.o(.bss.adc_result)
    beep_long_count                          0x20000074   Data           1  main.o(.bss.beep_long_count)
    beep_short_count                         0x20000075   Data           1  main.o(.bss.beep_short_count)
    fun_result                               0x2000007c   Data           1  main.o(.bss.fun_result)
    millis                                   0x20000080   Data           8  main.o(.bss.millis)
    ms_tone_delay                            0x200000a8   Data           4  main.o(.bss.ms_tone_delay)
    sec_count                                0x200000ac   Data           1  main.o(.bss.sec_count)
    time_melody                              0x200000ae   Data           1  main.o(.bss.time_melody)
    time_moving_wait                         0x200000af   Data           1  main.o(.bss.time_moving_wait)
    time_rele_control                        0x200000b0   Data           4  main.o(.bss.time_rele_control)
    time_rele_gap                            0x200000b4   Data           4  main.o(.bss.time_rele_gap)
    time_rele_power                          0x200000b8   Data           4  main.o(.bss.time_rele_power)
    time_rotation                            0x200000bc   Data           4  main.o(.bss.time_rotation)



==============================================================================

Memory Map of the image

  Image Entry point : 0x080000cd

  Load Region LR_IROM1 (Base: 0x08000000, Size: 0x00000b48, Max: 0x00010000, ABSOLUTE)

    Execution Region ER_IROM1 (Exec base: 0x08000000, Load base: 0x08000000, Size: 0x00000b38, Max: 0x00010000, ABSOLUTE)

    Exec Addr    Load Addr    Size         Type   Attr      Idx    E Section Name        Object

    0x08000000   0x08000000   0x000000cc   Data   RO          606    RESET               startup_at32f421.o
    0x080000cc   0x080000cc   0x00000008   Code   RO          698  * !!!main             c_w.l(__main.o)
    0x080000d4   0x080000d4   0x00000034   Code   RO          863    !!!scatter          c_w.l(__scatter.o)
    0x08000108   0x08000108   0x0000001a   Code   RO          865    !!handler_copy      c_w.l(__scatter_copy.o)
    0x08000122   0x08000122   0x00000002   PAD
    0x08000124   0x08000124   0x0000001c   Code   RO          867    !!handler_zi        c_w.l(__scatter_zi.o)
    0x08000140   0x08000140   0x00000002   Code   RO          725    .ARM.Collect$$libinit$$00000000  c_w.l(libinit.o)
    0x08000142   0x08000142   0x00000000   Code   RO          732    .ARM.Collect$$libinit$$00000002  c_w.l(libinit2.o)
    0x08000142   0x08000142   0x00000000   Code   RO          734    .ARM.Collect$$libinit$$00000004  c_w.l(libinit2.o)
    0x08000142   0x08000142   0x00000000   Code   RO          736    .ARM.Collect$$libinit$$00000006  c_w.l(libinit2.o)
    0x08000142   0x08000142   0x00000000   Code   RO          739    .ARM.Collect$$libinit$$0000000C  c_w.l(libinit2.o)
    0x08000142   0x08000142   0x00000000   Code   RO          741    .ARM.Collect$$libinit$$0000000E  c_w.l(libinit2.o)
    0x08000142   0x08000142   0x00000000   Code   RO          743    .ARM.Collect$$libinit$$00000010  c_w.l(libinit2.o)
    0x08000142   0x08000142   0x00000000   Code   RO          746    .ARM.Collect$$libinit$$00000013  c_w.l(libinit2.o)
    0x08000142   0x08000142   0x00000000   Code   RO          748    .ARM.Collect$$libinit$$00000015  c_w.l(libinit2.o)
    0x08000142   0x08000142   0x00000000   Code   RO          750    .ARM.Collect$$libinit$$00000017  c_w.l(libinit2.o)
    0x08000142   0x08000142   0x00000000   Code   RO          752    .ARM.Collect$$libinit$$00000019  c_w.l(libinit2.o)
    0x08000142   0x08000142   0x00000000   Code   RO          754    .ARM.Collect$$libinit$$0000001B  c_w.l(libinit2.o)
    0x08000142   0x08000142   0x00000000   Code   RO          756    .ARM.Collect$$libinit$$0000001D  c_w.l(libinit2.o)
    0x08000142   0x08000142   0x00000000   Code   RO          758    .ARM.Collect$$libinit$$0000001F  c_w.l(libinit2.o)
    0x08000142   0x08000142   0x00000000   Code   RO          760    .ARM.Collect$$libinit$$00000021  c_w.l(libinit2.o)
    0x08000142   0x08000142   0x00000000   Code   RO          762    .ARM.Collect$$libinit$$00000023  c_w.l(libinit2.o)
    0x08000142   0x08000142   0x00000000   Code   RO          764    .ARM.Collect$$libinit$$00000025  c_w.l(libinit2.o)
    0x08000142   0x08000142   0x00000000   Code   RO          766    .ARM.Collect$$libinit$$00000027  c_w.l(libinit2.o)
    0x08000142   0x08000142   0x00000000   Code   RO          770    .ARM.Collect$$libinit$$0000002E  c_w.l(libinit2.o)
    0x08000142   0x08000142   0x00000000   Code   RO          772    .ARM.Collect$$libinit$$00000030  c_w.l(libinit2.o)
    0x08000142   0x08000142   0x00000000   Code   RO          774    .ARM.Collect$$libinit$$00000032  c_w.l(libinit2.o)
    0x08000142   0x08000142   0x00000000   Code   RO          776    .ARM.Collect$$libinit$$00000034  c_w.l(libinit2.o)
    0x08000142   0x08000142   0x00000002   Code   RO          777    .ARM.Collect$$libinit$$00000035  c_w.l(libinit2.o)
    0x08000144   0x08000144   0x00000002   Code   RO          799    .ARM.Collect$$libshutdown$$00000000  c_w.l(libshutdown.o)
    0x08000146   0x08000146   0x00000000   Code   RO          814    .ARM.Collect$$libshutdown$$00000002  c_w.l(libshutdown2.o)
    0x08000146   0x08000146   0x00000000   Code   RO          816    .ARM.Collect$$libshutdown$$00000004  c_w.l(libshutdown2.o)
    0x08000146   0x08000146   0x00000000   Code   RO          819    .ARM.Collect$$libshutdown$$00000007  c_w.l(libshutdown2.o)
    0x08000146   0x08000146   0x00000000   Code   RO          822    .ARM.Collect$$libshutdown$$0000000A  c_w.l(libshutdown2.o)
    0x08000146   0x08000146   0x00000000   Code   RO          824    .ARM.Collect$$libshutdown$$0000000C  c_w.l(libshutdown2.o)
    0x08000146   0x08000146   0x00000000   Code   RO          827    .ARM.Collect$$libshutdown$$0000000F  c_w.l(libshutdown2.o)
    0x08000146   0x08000146   0x00000002   Code   RO          828    .ARM.Collect$$libshutdown$$00000010  c_w.l(libshutdown2.o)
    0x08000148   0x08000148   0x00000000   Code   RO          700    .ARM.Collect$$rtentry$$00000000  c_w.l(__rtentry.o)
    0x08000148   0x08000148   0x00000000   Code   RO          702    .ARM.Collect$$rtentry$$00000002  c_w.l(__rtentry2.o)
    0x08000148   0x08000148   0x00000006   Code   RO          714    .ARM.Collect$$rtentry$$00000004  c_w.l(__rtentry4.o)
    0x0800014e   0x0800014e   0x00000000   Code   RO          704    .ARM.Collect$$rtentry$$00000009  c_w.l(__rtentry2.o)
    0x0800014e   0x0800014e   0x00000004   Code   RO          705    .ARM.Collect$$rtentry$$0000000A  c_w.l(__rtentry2.o)
    0x08000152   0x08000152   0x00000000   Code   RO          707    .ARM.Collect$$rtentry$$0000000C  c_w.l(__rtentry2.o)
    0x08000152   0x08000152   0x00000008   Code   RO          708    .ARM.Collect$$rtentry$$0000000D  c_w.l(__rtentry2.o)
    0x0800015a   0x0800015a   0x00000002   Code   RO          729    .ARM.Collect$$rtexit$$00000000  c_w.l(rtexit.o)
    0x0800015c   0x0800015c   0x00000000   Code   RO          779    .ARM.Collect$$rtexit$$00000002  c_w.l(rtexit2.o)
    0x0800015c   0x0800015c   0x00000004   Code   RO          780    .ARM.Collect$$rtexit$$00000003  c_w.l(rtexit2.o)
    0x08000160   0x08000160   0x00000006   Code   RO          781    .ARM.Collect$$rtexit$$00000004  c_w.l(rtexit2.o)
    0x08000166   0x08000166   0x00000002   PAD
    0x08000168   0x08000168   0x00000040   Code   RO          607    .text               startup_at32f421.o
    0x080001a8   0x080001a8   0x00000006   Code   RO          696    .text               c_w.l(heapauxi.o)
    0x080001ae   0x080001ae   0x0000004a   Code   RO          716    .text               c_w.l(sys_stackheap_outer.o)
    0x080001f8   0x080001f8   0x00000012   Code   RO          718    .text               c_w.l(exit.o)
    0x0800020a   0x0800020a   0x00000002   PAD
    0x0800020c   0x0800020c   0x00000008   Code   RO          726    .text               c_w.l(libspace.o)
    0x08000214   0x08000214   0x0000000c   Code   RO          789    .text               c_w.l(sys_exit.o)
    0x08000220   0x08000220   0x00000002   Code   RO          804    .text               c_w.l(use_no_semi.o)
    0x08000222   0x08000222   0x00000000   Code   RO          806    .text               c_w.l(indicate_semi.o)
    0x08000222   0x08000222   0x00000002   PAD
    0x08000224   0x08000224   0x00000042   Code   RO           80    .text.ADC1_CMP_IRQHandler  main.o
    0x08000266   0x08000266   0x00000002   PAD
    0x08000268   0x08000268   0x0000005c   Code   RO          614    .text.SystemInit    system_at32f421.o
    0x080002c4   0x080002c4   0x00000060   Code   RO           78    .text.TMR6_GLOBAL_IRQHandler  main.o
    0x08000324   0x08000324   0x00000006   Code   RO          213    .text.adc_ordinary_conversion_data_get  at32f421_adc.o
    0x0800032a   0x0800032a   0x00000002   PAD
    0x0800032c   0x0800032c   0x0000002a   Code   RO          189    .text.adc_ordinary_conversion_trigger_set  at32f421_adc.o
    0x08000356   0x08000356   0x00000002   PAD
    0x08000358   0x08000358   0x0000001a   Code   RO          257    .text.crm_ahb_div_set  at32f421_crm.o
    0x08000372   0x08000372   0x00000002   PAD
    0x08000374   0x08000374   0x0000007a   Code   RO          249    .text.crm_clock_source_enable  at32f421_crm.o
    0x080003ee   0x080003ee   0x00000002   PAD
    0x080003f0   0x080003f0   0x0000001a   Code   RO          285    .text.crm_hick_divider_select  at32f421_crm.o
    0x0800040a   0x0800040a   0x00000002   PAD
    0x0800040c   0x0800040c   0x00000022   Code   RO          287    .text.crm_hick_sclk_frequency_select  at32f421_crm.o
    0x0800042e   0x0800042e   0x00000002   PAD
    0x08000430   0x08000430   0x00000028   Code   RO          243    .text.crm_periph_clock_enable  at32f421_crm.o
    0x08000458   0x08000458   0x00000004   Code   RO          420    .text.gpio_bits_reset  at32f421_gpio.o
    0x0800045c   0x0800045c   0x00000004   Code   RO          418    .text.gpio_bits_set  at32f421_gpio.o
    0x08000460   0x08000460   0x0000000c   Code   RO          422    .text.gpio_bits_write  at32f421_gpio.o
    0x0800046c   0x0800046c   0x00000074   Code   RO          406    .text.gpio_init     at32f421_gpio.o
    0x080004e0   0x080004e0   0x0000000e   Code   RO          410    .text.gpio_input_data_bit_read  at32f421_gpio.o
    0x080004ee   0x080004ee   0x00000002   PAD
    0x080004f0   0x080004f0   0x00000104   Code   RO           58    .text.hardware_init  main.o
    0x080005f4   0x080005f4   0x00000100   Code   RO           98    .text.i2cSetData    main.o
    0x080006f4   0x080006f4   0x0000000a   Code   RO          102    .text.main          main.o
    0x080006fe   0x080006fe   0x00000002   PAD
    0x08000700   0x08000700   0x00000174   Code   RO           46    .text.ms_200_work   main.o
    0x08000874   0x08000874   0x000000fc   Code   RO           52    .text.ms_tick       main.o
    0x08000970   0x08000970   0x0000016c   Code   RO           44    .text.sec_work      main.o
    0x08000adc   0x08000adc   0x00000004   Code   RO          495    .text.tmr_period_value_set  at32f421_tmr.o
    0x08000ae0   0x08000ae0   0x00000010   Code   RO          587    .text.wdt_counter_reload  at32f421_wdt.o
    0x08000af0   0x08000af0   0x00000012   Code   RO          591    .text.wdt_divider_set  at32f421_wdt.o
    0x08000b02   0x08000b02   0x00000002   PAD
    0x08000b04   0x08000b04   0x00000014   Code   RO          593    .text.wdt_register_write_enable  at32f421_wdt.o
    0x08000b18   0x08000b18   0x00000020   Data   RO          862    Region$$Table       anon$$obj.o


    Execution Region RW_IRAM1 (Exec base: 0x20000000, Load base: 0x08000b38, Size: 0x000006c0, Max: 0x00004000, ABSOLUTE)

    Exec Addr    Load Addr    Size         Type   Attr      Idx    E Section Name        Object

    0x20000000   0x08000b38   0x0000000a   Data   RW          122    .data.numbers       main.o
    0x2000000a   0x08000b42   0x00000006   PAD
    0x20000010        -       0x00000060   Zero   RW          727    .bss                c_w.l(libspace.o)
    0x20000070        -       0x00000001   Zero   RW          145    .bss.TMR6_GLOBAL_IRQHandler.i  main.o
    0x20000071   0x08000b42   0x00000001   PAD
    0x20000072        -       0x00000002   Zero   RW          140    .bss.adc_result     main.o
    0x20000074        -       0x00000001   Zero   RW          128    .bss.beep_long_count  main.o
    0x20000075        -       0x00000001   Zero   RW          127    .bss.beep_short_count  main.o
    0x20000076   0x08000b42   0x00000002   PAD
    0x20000078        -       0x00000004   Zero   RW          126    .bss.ff             main.o
    0x2000007c        -       0x00000001   Zero   RW          142    .bss.fun_result     main.o
    0x2000007d   0x08000b42   0x00000003   PAD
    0x20000080        -       0x00000008   Zero   RW          124    .bss.millis         main.o
    0x20000088        -       0x00000001   Zero   RW          136    .bss.ms_10_work.f   main.o
    0x20000089   0x08000b42   0x00000007   PAD
    0x20000090        -       0x00000008   Zero   RW          139    .bss.ms_tick.ms1000_count  main.o
    0x20000098        -       0x00000008   Zero   RW          138    .bss.ms_tick.ms10_count  main.o
    0x200000a0        -       0x00000008   Zero   RW          137    .bss.ms_tick.ms200_count  main.o
    0x200000a8        -       0x00000004   Zero   RW          125    .bss.ms_tone_delay  main.o
    0x200000ac        -       0x00000001   Zero   RW          123    .bss.sec_count      main.o
    0x200000ad        -       0x00000001   Zero   RW          135    .bss.sec_work.iled  main.o
    0x200000ae        -       0x00000001   Zero   RW          134    .bss.time_melody    main.o
    0x200000af        -       0x00000001   Zero   RW          133    .bss.time_moving_wait  main.o
    0x200000b0        -       0x00000004   Zero   RW          129    .bss.time_rele_control  main.o
    0x200000b4        -       0x00000004   Zero   RW          131    .bss.time_rele_gap  main.o
    0x200000b8        -       0x00000004   Zero   RW          130    .bss.time_rele_power  main.o
    0x200000bc        -       0x00000004   Zero   RW          132    .bss.time_rotation  main.o
    0x200000c0        -       0x00000200   Zero   RW          605    HEAP                startup_at32f421.o
    0x200002c0        -       0x00000400   Zero   RW          604    STACK               startup_at32f421.o


==============================================================================

Image component sizes


      Code (inc. data)   RO Data    RW Data    ZI Data      Debug   Object Name

        48          0          0          0          0      15397   at32f421_adc.o
       248          6          0          0          0      19219   at32f421_crm.o
       150          0          0          0          0      11103   at32f421_gpio.o
         4          0          0          0          0      29051   at32f421_tmr.o
        54          0          0          0          0       2509   at32f421_wdt.o
      1676          0          0         10         67      32446   main.o
        64         26        204          0       1536        864   startup_at32f421.o
        92          0          0          0          0       7772   system_at32f421.o

    ----------------------------------------------------------------------
      2356         32        236         12       1620     118361   Object Totals
         0          0         32          0          0          0   (incl. Generated)
        20          0          0          2         17          0   (incl. Padding)

    ----------------------------------------------------------------------

      Code (inc. data)   RO Data    RW Data    ZI Data      Debug   Library Member Name

         8          0          0          0          0         68   __main.o
         0          0          0          0          0          0   __rtentry.o
        12          0          0          0          0          0   __rtentry2.o
         6          0          0          0          0          0   __rtentry4.o
        52          8          0          0          0          0   __scatter.o
        26          0          0          0          0          0   __scatter_copy.o
        28          0          0          0          0          0   __scatter_zi.o
        18          0          0          0          0         80   exit.o
         6          0          0          0          0        152   heapauxi.o
         0          0          0          0          0          0   indicate_semi.o
         2          0          0          0          0          0   libinit.o
         2          0          0          0          0          0   libinit2.o
         2          0          0          0          0          0   libshutdown.o
         2          0          0          0          0          0   libshutdown2.o
         8          4          0          0         96         68   libspace.o
         2          0          0          0          0          0   rtexit.o
        10          0          0          0          0          0   rtexit2.o
        12          4          0          0          0         68   sys_exit.o
        74          0          0          0          0         80   sys_stackheap_outer.o
         2          0          0          0          0         68   use_no_semi.o

    ----------------------------------------------------------------------
       280         16          0          0         96        584   Library Totals
         8          0          0          0          0          0   (incl. Padding)

    ----------------------------------------------------------------------

      Code (inc. data)   RO Data    RW Data    ZI Data      Debug   Library Name

       272         16          0          0         96        584   c_w.l

    ----------------------------------------------------------------------
       280         16          0          0         96        584   Library Totals

    ----------------------------------------------------------------------

==============================================================================


      Code (inc. data)   RO Data    RW Data    ZI Data      Debug   

      2636         48        236         12       1716     118717   Grand Totals
      2636         48        236         12       1716     118717   ELF Image Totals
      2636         48        236         12          0          0   ROM Totals

==============================================================================

    Total RO  Size (Code + RO Data)                 2872 (   2.80kB)
    Total RW  Size (RW Data + ZI Data)              1728 (   1.69kB)
    Total ROM Size (Code + RO Data + RW Data)       2884 (   2.82kB)

==============================================================================

